Component: ARM Compiler 5.05 update 2 (build 169) Tool: armlink [4d0f33]

==============================================================================

Section Cross References

    startup_stm32f10x_hd.o(RESET) refers to startup_stm32f10x_hd.o(STACK) for __initial_sp
    startup_stm32f10x_hd.o(RESET) refers to startup_stm32f10x_hd.o(.text) for Reset_Handler
    startup_stm32f10x_hd.o(RESET) refers to stm32f10x_it.o(i.NMI_Handler) for NMI_Handler
    startup_stm32f10x_hd.o(RESET) refers to stm32f10x_it.o(i.HardFault_Handler) for HardFault_Handler
    startup_stm32f10x_hd.o(RESET) refers to stm32f10x_it.o(i.MemManage_Handler) for MemManage_Handler
    startup_stm32f10x_hd.o(RESET) refers to stm32f10x_it.o(i.BusFault_Handler) for BusFault_Handler
    startup_stm32f10x_hd.o(RESET) refers to stm32f10x_it.o(i.UsageFault_Handler) for UsageFault_Handler
    startup_stm32f10x_hd.o(RESET) refers to stm32f10x_it.o(i.SVC_Handler) for SVC_Handler
    startup_stm32f10x_hd.o(RESET) refers to stm32f10x_it.o(i.DebugMon_Handler) for DebugMon_Handler
    startup_stm32f10x_hd.o(RESET) refers to stm32f10x_it.o(i.PendSV_Handler) for PendSV_Handler
    startup_stm32f10x_hd.o(RESET) refers to systick.o(i.SysTick_Handler) for SysTick_Handler
    startup_stm32f10x_hd.o(RESET) refers to lipo.o(i.ADC1_2_IRQHandler) for ADC1_2_IRQHandler
    startup_stm32f10x_hd.o(RESET) refers to usart1.o(i.USART1_IRQHandler) for USART1_IRQHandler
    startup_stm32f10x_hd.o(.text) refers to system_stm32f10x.o(i.SystemInit) for SystemInit
    startup_stm32f10x_hd.o(.text) refers to entry.o(.ARM.Collect$$$$00000000) for __main
    system_stm32f10x.o(i.SetSysClock) refers to system_stm32f10x.o(i.SetSysClockTo72) for SetSysClockTo72
    system_stm32f10x.o(i.SystemCoreClockUpdate) refers to system_stm32f10x.o(.data) for SystemCoreClock
    system_stm32f10x.o(i.SystemInit) refers to system_stm32f10x.o(i.SetSysClock) for SetSysClock
    stm32f10x_adc.o(i.ADC_DeInit) refers to stm32f10x_rcc.o(i.RCC_APB2PeriphResetCmd) for RCC_APB2PeriphResetCmd
    stm32f10x_bkp.o(i.BKP_DeInit) refers to stm32f10x_rcc.o(i.RCC_BackupResetCmd) for RCC_BackupResetCmd
    stm32f10x_can.o(i.CAN_DeInit) refers to stm32f10x_rcc.o(i.RCC_APB1PeriphResetCmd) for RCC_APB1PeriphResetCmd
    stm32f10x_can.o(i.CAN_GetITStatus) refers to stm32f10x_can.o(i.CheckITStatus) for CheckITStatus
    stm32f10x_cec.o(i.CEC_DeInit) refers to stm32f10x_rcc.o(i.RCC_APB1PeriphResetCmd) for RCC_APB1PeriphResetCmd
    stm32f10x_dac.o(i.DAC_DeInit) refers to stm32f10x_rcc.o(i.RCC_APB1PeriphResetCmd) for RCC_APB1PeriphResetCmd
    stm32f10x_flash.o(i.FLASH_EnableWriteProtection) refers to stm32f10x_flash.o(i.FLASH_WaitForLastOperation) for FLASH_WaitForLastOperation
    stm32f10x_flash.o(i.FLASH_EraseAllBank1Pages) refers to stm32f10x_flash.o(i.FLASH_WaitForLastBank1Operation) for FLASH_WaitForLastBank1Operation
    stm32f10x_flash.o(i.FLASH_EraseAllPages) refers to stm32f10x_flash.o(i.FLASH_WaitForLastOperation) for FLASH_WaitForLastOperation
    stm32f10x_flash.o(i.FLASH_EraseOptionBytes) refers to stm32f10x_flash.o(i.FLASH_GetReadOutProtectionStatus) for FLASH_GetReadOutProtectionStatus
    stm32f10x_flash.o(i.FLASH_EraseOptionBytes) refers to stm32f10x_flash.o(i.FLASH_WaitForLastOperation) for FLASH_WaitForLastOperation
    stm32f10x_flash.o(i.FLASH_ErasePage) refers to stm32f10x_flash.o(i.FLASH_WaitForLastOperation) for FLASH_WaitForLastOperation
    stm32f10x_flash.o(i.FLASH_ProgramHalfWord) refers to stm32f10x_flash.o(i.FLASH_WaitForLastOperation) for FLASH_WaitForLastOperation
    stm32f10x_flash.o(i.FLASH_ProgramOptionByteData) refers to stm32f10x_flash.o(i.FLASH_WaitForLastOperation) for FLASH_WaitForLastOperation
    stm32f10x_flash.o(i.FLASH_ProgramWord) refers to stm32f10x_flash.o(i.FLASH_WaitForLastOperation) for FLASH_WaitForLastOperation
    stm32f10x_flash.o(i.FLASH_ReadOutProtection) refers to stm32f10x_flash.o(i.FLASH_WaitForLastOperation) for FLASH_WaitForLastOperation
    stm32f10x_flash.o(i.FLASH_UserOptionByteConfig) refers to stm32f10x_flash.o(i.FLASH_WaitForLastOperation) for FLASH_WaitForLastOperation
    stm32f10x_flash.o(i.FLASH_WaitForLastBank1Operation) refers to stm32f10x_flash.o(i.FLASH_GetBank1Status) for FLASH_GetBank1Status
    stm32f10x_flash.o(i.FLASH_WaitForLastOperation) refers to stm32f10x_flash.o(i.FLASH_GetBank1Status) for FLASH_GetBank1Status
    stm32f10x_gpio.o(i.GPIO_AFIODeInit) refers to stm32f10x_rcc.o(i.RCC_APB2PeriphResetCmd) for RCC_APB2PeriphResetCmd
    stm32f10x_gpio.o(i.GPIO_DeInit) refers to stm32f10x_rcc.o(i.RCC_APB2PeriphResetCmd) for RCC_APB2PeriphResetCmd
    stm32f10x_i2c.o(i.I2C_DeInit) refers to stm32f10x_rcc.o(i.RCC_APB1PeriphResetCmd) for RCC_APB1PeriphResetCmd
    stm32f10x_i2c.o(i.I2C_Init) refers to stm32f10x_rcc.o(i.RCC_GetClocksFreq) for RCC_GetClocksFreq
    stm32f10x_pwr.o(i.PWR_DeInit) refers to stm32f10x_rcc.o(i.RCC_APB1PeriphResetCmd) for RCC_APB1PeriphResetCmd
[...]
    ..\User\main.c                           0x00000000   Number         0  main.o ABSOLUTE
    ..\User\motor\motor.c                    0x00000000   Number         0  motor.o ABSOLUTE
    ..\User\pid\pid.c                        0x00000000   Number         0  pid.o ABSOLUTE
    ..\User\stm32f10x_it.c                   0x00000000   Number         0  stm32f10x_it.o ABSOLUTE
    ..\User\systick\systick.c                0x00000000   Number         0  systick.o ABSOLUTE
    ..\User\uart\usart1.c                    0x00000000   Number         0  usart1.o ABSOLUTE
    ..\\Libraries\\CMSIS\\core_cm3.c         0x00000000   Number         0  core_cm3.o ABSOLUTE
    cdcmple.s                                0x00000000   Number         0  cdcmple.o ABSOLUTE
    cdrcmple.s                               0x00000000   Number         0  cdrcmple.o ABSOLUTE
    cfcmple.s                                0x00000000   Number         0  cfcmple.o ABSOLUTE
    cfrcmple.s                               0x00000000   Number         0  cfrcmple.o ABSOLUTE
    dc.s                                     0x00000000   Number         0  dc.o ABSOLUTE
    handlers.s                               0x00000000   Number         0  handlers.o ABSOLUTE
    init.s                                   0x00000000   Number         0  init.o ABSOLUTE
    RESET                                    0x08000000   Section      304  startup_stm32f10x_hd.o(RESET)
    .ARM.Collect$$$$00000000                 0x08000130   Section        0  entry.o(.ARM.Collect$$$$00000000)
    .ARM.Collect$$$$00000001                 0x08000130   Section        4  entry2.o(.ARM.Collect$$$$00000001)
    .ARM.Collect$$$$00000004                 0x08000134   Section        4  entry5.o(.ARM.Collect$$$$00000004)
    .ARM.Collect$$$$00000008                 0x08000138   Section        0  entry7b.o(.ARM.Collect$$$$00000008)
    .ARM.Collect$$$$0000000A                 0x08000138   Section        0  entry8b.o(.ARM.Collect$$$$0000000A)
    .ARM.Collect$$$$0000000B                 0x08000138   Section        8  entry9a.o(.ARM.Collect$$$$0000000B)
    .ARM.Collect$$$$0000000D                 0x08000140   Section        0  entry10a.o(.ARM.Collect$$$$0000000D)
    .ARM.Collect$$$$0000000F                 0x08000140   Section        0  entry11a.o(.ARM.Collect$$$$0000000F)
    .ARM.Collect$$$$00002712                 0x08000140   Section        4  entry2.o(.ARM.Collect$$$$00002712)
    __lit__00000000                          0x08000140   Data           4  entry2.o(.ARM.Collect$$$$00002712)
    .text                                    0x08000144   Section       36  startup_stm32f10x_hd.o(.text)
    .text                                    0x08000168   Section        0  fadd.o(.text)
    .text                                    0x08000218   Section        0  fmul.o(.text)
    .text                                    0x0800027c   Section        0  fdiv.o(.text)
    .text                                    0x080002f8   Section        0  dadd.o(.text)
    .text                                    0x08000446   Section        0  dmul.o(.text)
    .text                                    0x0800052a   Section        0  ddiv.o(.text)
    .text                                    0x08000608   Section        0  dflti.o(.text)
    .text                                    0x0800062a   Section        0  dfltui.o(.text)
    .text                                    0x08000644   Section        0  dfixui.o(.text)
    .text                                    0x08000676   Section        0  f2d.o(.text)
    .text                                    0x0800069c   Section       48  cdcmple.o(.text)
    .text                                    0x080006cc   Section       48  cdrcmple.o(.text)
    .text                                    0x080006fc   Section        0  d2f.o(.text)
    .text                                    0x08000734   Section       20  cfcmple.o(.text)
    .text                                    0x08000748   Section       20  cfrcmple.o(.text)
    .text                                    0x0800075c   Section        0  uidiv.o(.text)
    .text                                    0x08000788   Section        0  uldiv.o(.text)
    .text                                    0x080007ea   Section        0  llshl.o(.text)
    .text                                    0x08000808   Section        0  llushr.o(.text)
    .text                                    0x08000828   Section        0  llsshr.o(.text)
    .text                                    0x0800084c   Section        0  fepilogue.o(.text)
    .text                                    0x0800084c   Section        0  iusefp.o(.text)
    .text                                    0x080008ba   Section        0  depilogue.o(.text)
    .text                                    0x08000974   Section        0  dscalb.o(.text)
    .text                                    0x080009a2   Section        0  dfixul.o(.text)
    .text                                    0x080009d4   Section       36  init.o(.text)
    .text                                    0x080009f8   Section        0  dfixi.o(.text)
    .text                                    0x08000a36   Section        0  __dczerorl2.o(.text)
    i.ADC1_2_IRQHandler                      0x08000a8c   Section        0  lipo.o(i.ADC1_2_IRQHandler)
    i.ADC_Cmd                                0x08000aa4   Section        0  stm32f10x_adc.o(i.ADC_Cmd)
    i.ADC_GetCalibrationStatus               0x08000aba   Section        0  stm32f10x_adc.o(i.ADC_GetCalibrationStatus)
    i.ADC_GetConversionValue                 0x08000ace   Section        0  stm32f10x_adc.o(i.ADC_GetConversionValue)
    i.ADC_GetResetCalibrationStatus          0x08000ad6   Section        0  stm32f10x_adc.o(i.ADC_GetResetCalibrationStatus)
    i.ADC_ITConfig                           0x08000aea   Section        0  stm32f10x_adc.o(i.ADC_ITConfig)
    i.ADC_Init                               0x08000b04   Section        0  stm32f10x_adc.o(i.ADC_Init)
    i.ADC_RegularChannelConfig               0x08000b54   Section        0  stm32f10x_adc.o(i.ADC_RegularChannelConfig)
    i.ADC_ResetCalibration                   0x08000c0c   Section        0  stm32f10x_adc.o(i.ADC_ResetCalibration)
    i.ADC_SoftwareStartConvCmd               0x08000c16   Section        0  stm32f10x_adc.o(i.ADC_SoftwareStartConvCmd)
    i.ADC_StartCalibration                   0x08000c2c   Section        0  stm32f10x_adc.o(i.ADC_StartCalibration)
    i.BoardMpu_CalPitchRoll                  0x08000c38   Section        0  boardmpu.o(i.BoardMpu_CalPitchRoll)
    i.BoardMpu_GetAccelData                  0x08000da0   Section        0  boardmpu.o(i.BoardMpu_GetAccelData)
    i.BoardMpu_GetDevID                      0x08000e60   Section        0  boardmpu.o(i.BoardMpu_GetDevID)
    i.BoardMpu_GetGyroData                   0x08000e7c   Section        0  boardmpu.o(i.BoardMpu_GetGyroData)
    i.BoardMpu_Init                          0x08000f40   Section        0  boardmpu.o(i.BoardMpu_Init)
    i.BoardMpu_SetDLPF                       0x0800101c   Section        0  boardmpu.o(i.BoardMpu_SetDLPF)
    i.BoardMpu_SetSampleRate                 0x08001076   Section        0  boardmpu.o(i.BoardMpu_SetSampleRate)
    i.BusFault_Handler                       0x080010d4   Section        0  stm32f10x_it.o(i.BusFault_Handler)
    i.Buzzer_Init                            0x080010d8   Section        0  buzzer.o(i.Buzzer_Init)
    i.CalledBySystickHandler                 0x0800110c   Section        0  systick.o(i.CalledBySystickHandler)
    i.DebugMon_Handler                       0x08001124   Section        0  stm32f10x_it.o(i.DebugMon_Handler)
    i.Delay_us                               0x08001128   Section        0  systick.o(i.Delay_us)
    i.GPIO_Init                              0x0800114c   Section        0  stm32f10x_gpio.o(i.GPIO_Init)
    i.GPIO_ReadInputDataBit                  0x08001262   Section        0  stm32f10x_gpio.o(i.GPIO_ReadInputDataBit)
    i.GPIO_ResetBits                         0x08001274   Section        0  stm32f10x_gpio.o(i.GPIO_ResetBits)
    i.GPIO_SetBits                           0x08001278   Section        0  stm32f10x_gpio.o(i.GPIO_SetBits)
    i.GPIO_WriteBit                          0x0800127c   Section        0  stm32f10x_gpio.o(i.GPIO_WriteBit)
    i.HardFault_Handler                      0x08001286   Section        0  stm32f10x_it.o(i.HardFault_Handler)
    i.I2C1_Init                              0x0800128c   Section        0  i2c1.o(i.I2C1_Init)
    i.I2C1_ReadData                          0x080012c0   Section        0  i2c1.o(i.I2C1_ReadData)
    i.I2C1_RecvByte                          0x08001354   Section        0  i2c1.o(i.I2C1_RecvByte)
    i.I2C1_SendACK                           0x080013e8   Section        0  i2c1.o(i.I2C1_SendACK)
    i.I2C1_SendByte                          0x0800142c   Section        0  i2c1.o(i.I2C1_SendByte)
    i.I2C1_Start                             0x08001488   Section        0  i2c1.o(i.I2C1_Start)
    i.I2C1_Stop                              0x080014c4   Section        0  i2c1.o(i.I2C1_Stop)
    i.I2C1_WaitACK                           0x08001500   Section        0  i2c1.o(i.I2C1_WaitACK)
    i.I2C1_WriteData                         0x08001584   Section        0  i2c1.o(i.I2C1_WriteData)
    i.I2C2_Init                              0x080015f4   Section        0  i2c2.o(i.I2C2_Init)
    i.I2C2_ReadData                          0x0800162c   Section        0  i2c2.o(i.I2C2_ReadData)
    i.I2C2_RecvByte                          0x080016c0   Section        0  i2c2.o(i.I2C2_RecvByte)
    i.I2C2_SendACK                           0x08001760   Section        0  i2c2.o(i.I2C2_SendACK)
    i.I2C2_SendByte                          0x080017ac   Section        0  i2c2.o(i.I2C2_SendByte)
    i.I2C2_Start                             0x08001810   Section        0  i2c2.o(i.I2C2_Start)
    i.I2C2_Stop                              0x08001854   Section        0  i2c2.o(i.I2C2_Stop)
    i.I2C2_WaitACK                           0x08001898   Section        0  i2c2.o(i.I2C2_WaitACK)
    i.I2C2_WriteData                         0x0800192c   Section        0  i2c2.o(i.I2C2_WriteData)
    i.Led_Init                               0x0800199c   Section        0  led.o(i.Led_Init)
    i.LipoADC_Init                           0x080019d4   Section        0  lipo.o(i.LipoADC_Init)
    i.LipoGPIO_Init                          0x08001a80   Section        0  lipo.o(i.LipoGPIO_Init)
    i.Lipo_CalVoltage                        0x08001aac   Section        0  lipo.o(i.Lipo_CalVoltage)
    i.Lipo_Init                              0x08001b24   Section        0  lipo.o(i.Lipo_Init)
    i.MedianFilter                           0x08001b30   Section        0  pid.o(i.MedianFilter)
    i.MemManage_Handler                      0x08001c64   Section        0  stm32f10x_it.o(i.MemManage_Handler)
    i.Motor0_Run                             0x08001c68   Section        0  motor.o(i.Motor0_Run)
    i.Motor0_SetPWM                          0x08001d24   Section        0  motor.o(i.Motor0_SetPWM)
    i.Motor0_Shutdown                        0x08001d64   Section        0  motor.o(i.Motor0_Shutdown)
    i.Motor1_Run                             0x08001d8c   Section        0  motor.o(i.Motor1_Run)
    i.Motor1_SetPWM                          0x08001e48   Section        0  motor.o(i.Motor1_SetPWM)
    i.Motor1_Shutdown                        0x08001e8c   Section        0  motor.o(i.Motor1_Shutdown)
    i.Motor2_Run                             0x08001eb4   Section        0  motor.o(i.Motor2_Run)
    i.Motor2_SetPWM                          0x08001f70   Section        0  motor.o(i.Motor2_SetPWM)
    i.Motor2_Shutdown                        0x08001fb4   Section        0  motor.o(i.Motor2_Shutdown)
    i.MotorPWM_Init                          0x08001fdc   Section        0  motor.o(i.MotorPWM_Init)
    i.MotorPos_Init                          0x0800216c   Section        0  motor.o(i.MotorPos_Init)
    i.Motor_Init                             0x0800217c   Section        0  motor.o(i.Motor_Init)
    i.Mpu6050_CalPitchRoll                   0x0800218c   Section        0  mpu6050.o(i.Mpu6050_CalPitchRoll)
    i.Mpu6050_GetAccelData                   0x0800244c   Section        0  mpu6050.o(i.Mpu6050_GetAccelData)
    i.Mpu6050_GetDevID                       0x0800250c   Section        0  mpu6050.o(i.Mpu6050_GetDevID)
    i.Mpu6050_GetGyroData                    0x08002528   Section        0  mpu6050.o(i.Mpu6050_GetGyroData)
    i.Mpu6050_Init                           0x080025ec   Section        0  mpu6050.o(i.Mpu6050_Init)
    i.Mpu6050_SetDLPF                        0x080026b8   Section        0  mpu6050.o(i.Mpu6050_SetDLPF)
    i.Mpu6050_SetSampleRate                  0x08002712   Section        0  mpu6050.o(i.Mpu6050_SetSampleRate)
    i.NMI_Handler                            0x08002770   Section        0  stm32f10x_it.o(i.NMI_Handler)
    i.NVIC_Init                              0x08002774   Section        0  misc.o(i.NVIC_Init)
    i.NVIC_PriorityGroupConfig               0x080027e4   Section        0  misc.o(i.NVIC_PriorityGroupConfig)
    i.NVIC_SetPriority                       0x080027f8   Section        0  systick.o(i.NVIC_SetPriority)
    NVIC_SetPriority                         0x080027f9   Thumb Code    32  systick.o(i.NVIC_SetPriority)
    i.PID_Motor0                             0x08002820   Section        0  pid.o(i.PID_Motor0)
    i.PID_Motor1                             0x08002994   Section        0  pid.o(i.PID_Motor1)
    i.PID_Motor2                             0x08002b08   Section        0  pid.o(i.PID_Motor2)
    i.PendSV_Handler                         0x08002c70   Section        0  stm32f10x_it.o(i.PendSV_Handler)
    i.RCC_ADCCLKConfig                       0x08002c74   Section        0  stm32f10x_rcc.o(i.RCC_ADCCLKConfig)
    i.RCC_APB1PeriphClockCmd                 0x08002c8c   Section        0  stm32f10x_rcc.o(i.RCC_APB1PeriphClockCmd)
    i.RCC_APB1PeriphResetCmd                 0x08002cac   Section        0  stm32f10x_rcc.o(i.RCC_APB1PeriphResetCmd)
    i.RCC_APB2PeriphClockCmd                 0x08002ccc   Section        0  stm32f10x_rcc.o(i.RCC_APB2PeriphClockCmd)
    i.RCC_APB2PeriphResetCmd                 0x08002cec   Section        0  stm32f10x_rcc.o(i.RCC_APB2PeriphResetCmd)
    i.RCC_GetClocksFreq                      0x08002d0c   Section        0  stm32f10x_rcc.o(i.RCC_GetClocksFreq)
    i.SVC_Handler                            0x08002de0   Section        0  stm32f10x_it.o(i.SVC_Handler)
    i.SetSysClock                            0x08002de2   Section        0  system_stm32f10x.o(i.SetSysClock)
    SetSysClock                              0x08002de3   Thumb Code     8  system_stm32f10x.o(i.SetSysClock)
    i.SetSysClockTo72                        0x08002dec   Section        0  system_stm32f10x.o(i.SetSysClockTo72)
    SetSysClockTo72                          0x08002ded   Thumb Code   214  system_stm32f10x.o(i.SetSysClockTo72)
    i.SineArray_Init                         0x08002ecc   Section        0  motor.o(i.SineArray_Init)
    i.SysTick_Handler                        0x08003010   Section        0  systick.o(i.SysTick_Handler)
    i.SystemInit                             0x08003018   Section        0  system_stm32f10x.o(i.SystemInit)
    i.Systick_Init                           0x08003078   Section        0  systick.o(i.Systick_Init)
    i.TIM_ARRPreloadConfig                   0x080030dc   Section        0  stm32f10x_tim.o(i.TIM_ARRPreloadConfig)
    i.TIM_CCxCmd                             0x080030f4   Section        0  stm32f10x_tim.o(i.TIM_CCxCmd)
    i.TIM_Cmd                                0x08003112   Section        0  stm32f10x_tim.o(i.TIM_Cmd)
    i.TIM_OC1Init                            0x0800312c   Section        0  stm32f10x_tim.o(i.TIM_OC1Init)
    i.TIM_OC1PreloadConfig                   0x080031c4   Section        0  stm32f10x_tim.o(i.TIM_OC1PreloadConfig)
    i.TIM_OC2Init                            0x080031d8   Section        0  stm32f10x_tim.o(i.TIM_OC2Init)
    i.TIM_OC2PreloadConfig                   0x0800327c   Section        0  stm32f10x_tim.o(i.TIM_OC2PreloadConfig)
    i.TIM_OC3Init                            0x08003298   Section        0  stm32f10x_tim.o(i.TIM_OC3Init)
    i.TIM_OC3PreloadConfig                   0x08003338   Section        0  stm32f10x_tim.o(i.TIM_OC3PreloadConfig)
    i.TIM_OC4Init                            0x0800334c   Section        0  stm32f10x_tim.o(i.TIM_OC4Init)
    i.TIM_OC4PreloadConfig                   0x080033c8   Section        0  stm32f10x_tim.o(i.TIM_OC4PreloadConfig)
    i.TIM_SetCompare1                        0x080033e2   Section        0  stm32f10x_tim.o(i.TIM_SetCompare1)
    i.TIM_SetCompare2                        0x080033e6   Section        0  stm32f10x_tim.o(i.TIM_SetCompare2)
    i.TIM_SetCompare3                        0x080033ea   Section        0  stm32f10x_tim.o(i.TIM_SetCompare3)
    i.TIM_SetCompare4                        0x080033ee   Section        0  stm32f10x_tim.o(i.TIM_SetCompare4)
    i.TIM_TimeBaseInit                       0x080033f4   Section        0  stm32f10x_tim.o(i.TIM_TimeBaseInit)
    i.USART1_IRQHandler                      0x08003498   Section        0  usart1.o(i.USART1_IRQHandler)
    i.USART_Cmd                              0x080034dc   Section        0  stm32f10x_usart.o(i.USART_Cmd)
    i.USART_DeInit                           0x080034f4   Section        0  stm32f10x_usart.o(i.USART_DeInit)
    i.USART_GetFlagStatus                    0x08003590   Section        0  stm32f10x_usart.o(i.USART_GetFlagStatus)
    i.USART_GetITStatus                      0x080035aa   Section        0  stm32f10x_usart.o(i.USART_GetITStatus)
    i.USART_ITConfig                         0x080035fe   Section        0  stm32f10x_usart.o(i.USART_ITConfig)
    i.USART_Init                             0x08003648   Section        0  stm32f10x_usart.o(i.USART_Init)
    i.USART_ReceiveData                      0x08003720   Section        0  stm32f10x_usart.o(i.USART_ReceiveData)
    i.USART_SendData                         0x0800372a   Section        0  stm32f10x_usart.o(i.USART_SendData)
    i.UsageFault_Handler                     0x08003732   Section        0  stm32f10x_it.o(i.UsageFault_Handler)
    i.Usart1_Init                            0x08003738   Section        0  usart1.o(i.Usart1_Init)
    i.__0printf                              0x080037e8   Section        0  printfa.o(i.__0printf)
    i.__ARM_fpclassify                       0x08003808   Section        0  fpclassify.o(i.__ARM_fpclassify)
    i.__ieee754_rem_pio2                     0x08003830   Section        0  rred.o(i.__ieee754_rem_pio2)
    i.__kernel_cos                           0x08003bb8   Section        0  cos_i.o(i.__kernel_cos)
    i.__kernel_poly                          0x08003cb4   Section        0  poly.o(i.__kernel_poly)
    i.__kernel_sin                           0x08003d60   Section        0  sin_i.o(i.__kernel_sin)
    i.__mathlib_dbl_infnan                   0x08003e4c   Section        0  dunder.o(i.__mathlib_dbl_infnan)
    i.__mathlib_dbl_infnan2                  0x08003e52   Section        0  dunder.o(i.__mathlib_dbl_infnan2)
    i.__mathlib_dbl_invalid                  0x08003e56   Section        0  dunder.o(i.__mathlib_dbl_invalid)
    i.__mathlib_dbl_underflow                0x08003e64   Section        0  dunder.o(i.__mathlib_dbl_underflow)
    i.__scatterload_copy                     0x08003e74   Section       14  handlers.o(i.__scatterload_copy)
    i.__scatterload_null                     0x08003e82   Section        2  handlers.o(i.__scatterload_null)
    i.__scatterload_zeroinit                 0x08003e84   Section       14  handlers.o(i.__scatterload_zeroinit)
    i.__set_errno                            0x08003e94   Section        0  errno.o(i.__set_errno)
    i._fp_digits                             0x08003ea0   Section        0  printfa.o(i._fp_digits)
    _fp_digits                               0x08003ea1   Thumb Code   334  printfa.o(i._fp_digits)
    i._printf_core                           0x08004004   Section        0  printfa.o(i._printf_core)
    _printf_core                             0x08004005   Thumb Code  1744  printfa.o(i._printf_core)
    i._printf_post_padding                   0x080046e0   Section        0  printfa.o(i._printf_post_padding)
    _printf_post_padding                     0x080046e1   Thumb Code    36  printfa.o(i._printf_post_padding)
    i._printf_pre_padding                    0x08004704   Section        0  printfa.o(i._printf_pre_padding)
    _printf_pre_padding                      0x08004705   Thumb Code    46  printfa.o(i._printf_pre_padding)
    i.atan                                   0x08004734   Section        0  atan.o(i.atan)
    i.atan2                                  0x08004954   Section        0  atan2.o(i.atan2)
    i.fputc                                  0x08004ad4   Section        0  usart1.o(i.fputc)
    i.main                                   0x08004af8   Section        0  main.o(i.main)
    i.sin                                    0x08004f0c   Section        0  sin.o(i.sin)
    .constdata                               0x08004fac   Section        2  motor.o(.constdata)
    mdir_cal_factor                          0x08004fac   Data           2  motor.o(.constdata)
    .constdata                               0x08004fb0   Section      152  atan.o(.constdata)
    atanhi                                   0x08004fb0   Data          32  atan.o(.constdata)
    atanlo                                   0x08004fd0   Data          32  atan.o(.constdata)
    aTodd                                    0x08004ff0   Data          40  atan.o(.constdata)
    aTeven                                   0x08005018   Data          48  atan.o(.constdata)
    .constdata                               0x08005048   Section       48  cos_i.o(.constdata)
    C                                        0x08005048   Data          48  cos_i.o(.constdata)
    .constdata                               0x08005078   Section        8  qnan.o(.constdata)
    .constdata                               0x08005080   Section      200  rred.o(.constdata)
    pio2s                                    0x08005080   Data          48  rred.o(.constdata)
    twooverpi                                0x080050b0   Data         152  rred.o(.constdata)
    .constdata                               0x08005148   Section       40  sin_i.o(.constdata)
    S                                        0x08005148   Data          40  sin_i.o(.constdata)
    .data                                    0x20000000   Section       20  system_stm32f10x.o(.data)
    .data                                    0x20000014   Section       20  stm32f10x_rcc.o(.data)
    APBAHBPrescTable                         0x20000014   Data          16  stm32f10x_rcc.o(.data)
    ADCPrescTable                            0x20000024   Data           4  stm32f10x_rcc.o(.data)
    .data                                    0x20000028   Section        4  systick.o(.data)
    SystickDelayedTime                       0x20000028   Data           4  systick.o(.data)
    .data                                    0x2000002c   Section        8  i2c1.o(.data)
    SystickDelayedTime                       0x2000002c   Data           4  i2c1.o(.data)
    i2c1GPIOInitStruct                       0x20000030   Data           4  i2c1.o(.data)
    .data                                    0x20000034   Section       76  mpu6050.o(.data)
    SystickDelayedTime                       0x20000034   Data           4  mpu6050.o(.data)
    i2c2GPIOInitStruct                       0x20000038   Data           4  mpu6050.o(.data)
    AccelData                                0x2000003c   Data           6  mpu6050.o(.data)
    TempData                                 0x20000042   Data           2  mpu6050.o(.data)
    GyroData                                 0x20000044   Data           6  mpu6050.o(.data)
    aP                                       0x20000070   Data           4  mpu6050.o(.data)
    aR                                       0x20000074   Data           4  mpu6050.o(.data)
    gP                                       0x20000078   Data           4  mpu6050.o(.data)
    gR                                       0x2000007c   Data           4  mpu6050.o(.data)
    .data                                    0x20000080   Section       40  motor.o(.data)
    sineArraySize                            0x20000080   Data           2  motor.o(.data)
    phaseShift                               0x20000082   Data           2  motor.o(.data)
    mPitch                                   0x20000084   Data           6  motor.o(.data)
    mRoll                                    0x2000008a   Data           6  motor.o(.data)
    mYaw                                     0x20000090   Data           6  motor.o(.data)
    preSpeed                                 0x20000096   Data           2  motor.o(.data)
    timeout                                  0x20000098   Data           2  motor.o(.data)
    cntTime                                  0x2000009a   Data           2  motor.o(.data)
    preSpeed                                 0x2000009c   Data           2  motor.o(.data)
    timeout                                  0x2000009e   Data           2  motor.o(.data)
    cntTime                                  0x200000a0   Data           2  motor.o(.data)
    preSpeed                                 0x200000a2   Data           2  motor.o(.data)
    timeout                                  0x200000a4   Data           2  motor.o(.data)
    cntTime                                  0x200000a6   Data           2  motor.o(.data)
    .data                                    0x200000a8   Section        2  usart1.o(.data)
    .data                                    0x200000ac   Section      168  pid.o(.data)
    pitchPPara                               0x200000ac   Data           4  pid.o(.data)
    pitchIPara                               0x200000b0   Data           4  pid.o(.data)
    pitchDPara                               0x200000b4   Data           4  pid.o(.data)
    rollPPara                                0x200000b8   Data           4  pid.o(.data)
    rollIPara                                0x200000bc   Data           4  pid.o(.data)
    rollDPara                                0x200000c0   Data           4  pid.o(.data)
    yawPPara                                 0x200000c4   Data           4  pid.o(.data)
    yawIPara                                 0x200000c8   Data           4  pid.o(.data)
    yawDPara                                 0x200000cc   Data           4  pid.o(.data)
    cntICal                                  0x200000d0   Data           2  pid.o(.data)
    expAngle_old                             0x200000d4   Data           4  pid.o(.data)
    et                                       0x200000d8   Data           4  pid.o(.data)
    et_pre                                   0x200000dc   Data           4  pid.o(.data)
    et_sum                                   0x200000e0   Data           4  pid.o(.data)
    et_diff                                  0x200000e4   Data           4  pid.o(.data)
    dpid                                     0x200000e8   Data           4  pid.o(.data)
    dP                                       0x200000ec   Data           4  pid.o(.data)
    dI                                       0x200000f0   Data           4  pid.o(.data)
    dD                                       0x200000f4   Data           4  pid.o(.data)
    indexICal                                0x200000f8   Data           4  pid.o(.data)
    expAngle_old                             0x200000fc   Data           4  pid.o(.data)
    et                                       0x20000100   Data           4  pid.o(.data)
    et_pre                                   0x20000104   Data           4  pid.o(.data)
    et_sum                                   0x20000108   Data           4  pid.o(.data)
    et_diff                                  0x2000010c   Data           4  pid.o(.data)
    dpid                                     0x20000110   Data           4  pid.o(.data)
    dP                                       0x20000114   Data           4  pid.o(.data)
    dI                                       0x20000118   Data           4  pid.o(.data)
    dD                                       0x2000011c   Data           4  pid.o(.data)
    indexICal                                0x20000120   Data           4  pid.o(.data)
    expAngle_old                             0x20000124   Data           4  pid.o(.data)
    et                                       0x20000128   Data           4  pid.o(.data)
    et_pre                                   0x2000012c   Data           4  pid.o(.data)
    et_sum                                   0x20000130   Data           4  pid.o(.data)
    et_diff                                  0x20000134   Data           4  pid.o(.data)
    dpid                                     0x20000138   Data           4  pid.o(.data)
    dP                                       0x2000013c   Data           4  pid.o(.data)
    dI                                       0x20000140   Data           4  pid.o(.data)
    dD                                       0x20000144   Data           4  pid.o(.data)
    indexICal                                0x20000148   Data           4  pid.o(.data)
    flagInit                                 0x2000014c   Data           1  pid.o(.data)
    cntMFData                                0x2000014e   Data           2  pid.o(.data)
    rtnValue                                 0x20000150   Data           4  pid.o(.data)
    .data                                    0x20000154   Section       64  boardmpu.o(.data)
    SystickDelayedTime                       0x20000154   Data           4  boardmpu.o(.data)
    i2c1GPIOInitStruct                       0x20000158   Data           4  boardmpu.o(.data)
    i2c2GPIOInitStruct                       0x2000015c   Data           4  boardmpu.o(.data)
    AccelData                                0x20000160   Data           6  boardmpu.o(.data)
    TempData                                 0x20000166   Data           2  boardmpu.o(.data)
    GyroData                                 0x20000168   Data           6  boardmpu.o(.data)
    .data                                    0x20000194   Section        8  i2c2.o(.data)
    SystickDelayedTime                       0x20000194   Data           4  i2c2.o(.data)
    i2c2GPIOInitStruct                       0x20000198   Data           4  i2c2.o(.data)
    .data                                    0x2000019c   Section        8  lipo.o(.data)
    ADC1_Value                               0x2000019c   Data           2  lipo.o(.data)
    .data                                    0x200001a4   Section        4  stdout.o(.data)
    .data                                    0x200001a8   Section        4  errno.o(.data)
    _errno                                   0x200001a8   Data           4  errno.o(.data)
    .bss                                     0x200001ac   Section     2048  motor.o(.bss)
    pwmSin                                   0x200001ac   Data        2048  motor.o(.bss)
    .bss                                     0x200009ac   Section      256  usart1.o(.bss)
    .bss                                     0x20000aac   Section      284  pid.o(.bss)
    debugPara                                0x20000aac   Data          36  pid.o(.bss)
    mfData                                   0x20000ad0   Data         124  pid.o(.bss)
    mfSort                                   0x20000b4c   Data         124  pid.o(.bss)
    STACK                                    0x20000bc8   Section     1024  startup_stm32f10x_hd.o(STACK)

    Global Symbols

    Symbol Name                              Value     Ov Type        Size  Object(Section)

    BuildAttributes$$THM_ISAv4$P$D$K$B$S$PE$A:L22UL41UL21$X:L11$S22US41US21$IEEE1$IW$USESV6$~STKCKD$USESV7$~SHL$OTIME$ROPI$IEEEX$EBA8$MICROLIB$REQ8$PRES8$EABIv2 0x00000000   Number         0  anon$$obj.o ABSOLUTE
    __ARM_use_no_argv                        0x00000000   Number         0  main.o ABSOLUTE
    _printf_a                                0x00000000   Number         0  stubs.o ABSOLUTE
    _printf_c                                0x00000000   Number         0  stubs.o ABSOLUTE
    _printf_charcount                        0x00000000   Number         0  stubs.o ABSOLUTE
    _printf_d                                0x00000000   Number         0  stubs.o ABSOLUTE
    _printf_e                                0x00000000   Number         0  stubs.o ABSOLUTE
    _printf_f                                0x00000000   Number         0  stubs.o ABSOLUTE
    _printf_flags                            0x00000000   Number         0  stubs.o ABSOLUTE
    _printf_fp_dec                           0x00000000   Number         0  stubs.o ABSOLUTE
    _printf_fp_hex                           0x00000000   Number         0  stubs.o ABSOLUTE
    _printf_g                                0x00000000   Number         0  stubs.o ABSOLUTE
    _printf_i                                0x00000000   Number         0  stubs.o ABSOLUTE
    _printf_int_dec                          0x00000000   Number         0  stubs.o ABSOLUTE
    _printf_l                                0x00000000   Number         0  stubs.o ABSOLUTE
    _printf_lc                               0x00000000   Number         0  stubs.o ABSOLUTE
    _printf_ll                               0x00000000   Number         0  stubs.o ABSOLUTE
    _printf_lld                              0x00000000   Number         0  stubs.o ABSOLUTE
    _printf_lli                              0x00000000   Number         0  stubs.o ABSOLUTE
    _printf_llo                              0x00000000   Number         0  stubs.o ABSOLUTE
    _printf_llu                              0x00000000   Number         0  stubs.o ABSOLUTE
    _printf_llx                              0x00000000   Number         0  stubs.o ABSOLUTE
    _printf_longlong_dec                     0x00000000   Number         0  stubs.o ABSOLUTE
    _printf_longlong_hex                     0x00000000   Number         0  stubs.o ABSOLUTE
    _printf_longlong_oct                     0x00000000   Number         0  stubs.o ABSOLUTE
    _printf_ls                               0x00000000   Number         0  stubs.o ABSOLUTE
    _printf_mbtowc                           0x00000000   Number         0  stubs.o ABSOLUTE
    _printf_n                                0x00000000   Number         0  stubs.o ABSOLUTE
    _printf_o                                0x00000000   Number         0  stubs.o ABSOLUTE
    _printf_p                                0x00000000   Number         0  stubs.o ABSOLUTE
    _printf_percent                          0x00000000   Number         0  stubs.o ABSOLUTE
    _printf_pre_padding                      0x00000000   Number         0  stubs.o ABSOLUTE
    _printf_return_value                     0x00000000   Number         0  stubs.o ABSOLUTE
    _printf_s                                0x00000000   Number         0  stubs.o ABSOLUTE
    _printf_sizespec                         0x00000000   Number         0  stubs.o ABSOLUTE
    _printf_str                              0x00000000   Number         0  stubs.o ABSOLUTE
    _printf_truncate_signed                  0x00000000   Number         0  stubs.o ABSOLUTE
    _printf_truncate_unsigned                0x00000000   Number         0  stubs.o ABSOLUTE
    _printf_u                                0x00000000   Number         0  stubs.o ABSOLUTE
    _printf_wc                               0x00000000   Number         0  stubs.o ABSOLUTE
    _printf_wctomb                           0x00000000   Number         0  stubs.o ABSOLUTE
    _printf_widthprec                        0x00000000   Number         0  stubs.o ABSOLUTE
    _printf_x                                0x00000000   Number         0  stubs.o ABSOLUTE
    __cpp_initialize__aeabi_                  - Undefined Weak Reference
    __cxa_finalize                            - Undefined Weak Reference
    _clock_init                               - Undefined Weak Reference
    _microlib_exit                            - Undefined Weak Reference
    __Vectors_Size                           0x00000130   Number         0  startup_stm32f10x_hd.o ABSOLUTE
    __Vectors                                0x08000000   Data           4  startup_stm32f10x_hd.o(RESET)
    __Vectors_End                            0x08000130   Data           0  startup_stm32f10x_hd.o(RESET)
    __main                                   0x08000131   Thumb Code     0  entry.o(.ARM.Collect$$$$00000000)
    _main_stk                                0x08000131   Thumb Code     0  entry2.o(.ARM.Collect$$$$00000001)
    _main_scatterload                        0x08000135   Thumb Code     0  entry5.o(.ARM.Collect$$$$00000004)
    __main_after_scatterload                 0x08000139   Thumb Code     0  entry5.o(.ARM.Collect$$$$00000004)
    _main_clock                              0x08000139   Thumb Code     0  entry7b.o(.ARM.Collect$$$$00000008)
    _main_cpp_init                           0x08000139   Thumb Code     0  entry8b.o(.ARM.Collect$$$$0000000A)
    _main_init                               0x08000139   Thumb Code     0  entry9a.o(.ARM.Collect$$$$0000000B)
    __rt_final_cpp                           0x08000141   Thumb Code     0  entry10a.o(.ARM.Collect$$$$0000000D)
    __rt_final_exit                          0x08000141   Thumb Code     0  entry11a.o(.ARM.Collect$$$$0000000F)
    Reset_Handler                            0x08000145   Thumb Code     8  startup_stm32f10x_hd.o(.text)
    ADC3_IRQHandler                          0x0800015f   Thumb Code     0  startup_stm32f10x_hd.o(.text)
    CAN1_RX1_IRQHandler                      0x0800015f   Thumb Code     0  startup_stm32f10x_hd.o(.text)
    CAN1_SCE_IRQHandler                      0x0800015f   Thumb Code     0  startup_stm32f10x_hd.o(.text)
    DMA1_Channel1_IRQHandler                 0x0800015f   Thumb Code     0  startup_stm32f10x_hd.o(.text)
    DMA1_Channel2_IRQHandler                 0x0800015f   Thumb Code     0  startup_stm32f10x_hd.o(.text)
    DMA1_Channel3_IRQHandler                 0x0800015f   Thumb Code     0  startup_stm32f10x_hd.o(.text)
    DMA1_Channel4_IRQHandler                 0x0800015f   Thumb Code     0  startup_stm32f10x_hd.o(.text)
    DMA1_Channel5_IRQHandler                 0x0800015f   Thumb Code     0  startup_stm32f10x_hd.o(.text)
    DMA1_Channel6_IRQHandler                 0x0800015f   Thumb Code     0  startup_stm32f10x_hd.o(.text)
    DMA1_Channel7_IRQHandler                 0x0800015f   Thumb Code     0  startup_stm32f10x_hd.o(.text)
    DMA2_Channel1_IRQHandler                 0x0800015f   Thumb Code     0  startup_stm32f10x_hd.o(.text)
    DMA2_Channel2_IRQHandler                 0x0800015f   Thumb Code     0  startup_stm32f10x_hd.o(.text)
    DMA2_Channel3_IRQHandler                 0x0800015f   Thumb Code     0  startup_stm32f10x_hd.o(.text)
    DMA2_Channel4_5_IRQHandler               0x0800015f   Thumb Code     0  startup_stm32f10x_hd.o(.text)
    EXTI0_IRQHandler                         0x0800015f   Thumb Code     0  startup_stm32f10x_hd.o(.text)
    EXTI15_10_IRQHandler                     0x0800015f   Thumb Code     0  startup_stm32f10x_hd.o(.text)
    EXTI1_IRQHandler                         0x0800015f   Thumb Code     0  startup_stm32f10x_hd.o(.text)
    EXTI2_IRQHandler                         0x0800015f   Thumb Code     0  startup_stm32f10x_hd.o(.text)
    EXTI3_IRQHandler                         0x0800015f   Thumb Code     0  startup_stm32f10x_hd.o(.text)
    EXTI4_IRQHandler                         0x0800015f   Thumb Code     0  startup_stm32f10x_hd.o(.text)
    EXTI9_5_IRQHandler                       0x0800015f   Thumb Code     0  startup_stm32f10x_hd.o(.text)
    FLASH_IRQHandler                         0x0800015f   Thumb Code     0  startup_stm32f10x_hd.o(.text)
    FSMC_IRQHandler                          0x0800015f   Thumb Code     0  startup_stm32f10x_hd.o(.text)
    I2C1_ER_IRQHandler                       0x0800015f   Thumb Code     0  startup_stm32f10x_hd.o(.text)
    I2C1_EV_IRQHandler                       0x0800015f   Thumb Code     0  startup_stm32f10x_hd.o(.text)
    I2C2_ER_IRQHandler                       0x0800015f   Thumb Code     0  startup_stm32f10x_hd.o(.text)
    I2C2_EV_IRQHandler                       0x0800015f   Thumb Code     0  startup_stm32f10x_hd.o(.text)
    PVD_IRQHandler                           0x0800015f   Thumb Code     0  startup_stm32f10x_hd.o(.text)
    RCC_IRQHandler                           0x0800015f   Thumb Code     0  startup_stm32f10x_hd.o(.text)
    RTCAlarm_IRQHandler                      0x0800015f   Thumb Code     0  startup_stm32f10x_hd.o(.text)
    RTC_IRQHandler                           0x0800015f   Thumb Code     0  startup_stm32f10x_hd.o(.text)
    SDIO_IRQHandler                          0x0800015f   Thumb Code     0  startup_stm32f10x_hd.o(.text)
    SPI1_IRQHandler                          0x0800015f   Thumb Code     0  startup_stm32f10x_hd.o(.text)
    SPI2_IRQHandler                          0x0800015f   Thumb Code     0  startup_stm32f10x_hd.o(.text)
    SPI3_IRQHandler                          0x0800015f   Thumb Code     0  startup_stm32f10x_hd.o(.text)
    TAMPER_IRQHandler                        0x0800015f   Thumb Code     0  startup_stm32f10x_hd.o(.text)
    TIM1_BRK_IRQHandler                      0x0800015f   Thumb Code     0  startup_stm32f10x_hd.o(.text)
    TIM1_CC_IRQHandler                       0x0800015f   Thumb Code     0  startup_stm32f10x_hd.o(.text)
    TIM1_TRG_COM_IRQHandler                  0x0800015f   Thumb Code     0  startup_stm32f10x_hd.o(.text)
    TIM1_UP_IRQHandler                       0x0800015f   Thumb Code     0  startup_stm32f10x_hd.o(.text)
    TIM2_IRQHandler                          0x0800015f   Thumb Code     0  startup_stm32f10x_hd.o(.text)
    TIM3_IRQHandler                          0x0800015f   Thumb Code     0  startup_stm32f10x_hd.o(.text)
    TIM4_IRQHandler                          0x0800015f   Thumb Code     0  startup_stm32f10x_hd.o(.text)
    TIM5_IRQHandler                          0x0800015f   Thumb Code     0  startup_stm32f10x_hd.o(.text)
    TIM6_IRQHandler                          0x0800015f   Thumb Code     0  startup_stm32f10x_hd.o(.text)
    TIM7_IRQHandler                          0x0800015f   Thumb Code     0  startup_stm32f10x_hd.o(.text)
    TIM8_BRK_IRQHandler                      0x0800015f   Thumb Code     0  startup_stm32f10x_hd.o(.text)
    TIM8_CC_IRQHandler                       0x0800015f   Thumb Code     0  startup_stm32f10x_hd.o(.text)
    TIM8_TRG_COM_IRQHandler                  0x0800015f   Thumb Code     0  startup_stm32f10x_hd.o(.text)
    TIM8_UP_IRQHandler                       0x0800015f   Thumb Code     0  startup_stm32f10x_hd.o(.text)
    UART4_IRQHandler                         0x0800015f   Thumb Code     0  startup_stm32f10x_hd.o(.text)
    UART5_IRQHandler                         0x0800015f   Thumb Code     0  startup_stm32f10x_hd.o(.text)
    USART2_IRQHandler                        0x0800015f   Thumb Code     0  startup_stm32f10x_hd.o(.text)
    USART3_IRQHandler                        0x0800015f   Thumb Code     0  startup_stm32f10x_hd.o(.text)
    USBWakeUp_IRQHandler                     0x0800015f   Thumb Code     0  startup_stm32f10x_hd.o(.text)
    USB_HP_CAN1_TX_IRQHandler                0x0800015f   Thumb Code     0  startup_stm32f10x_hd.o(.text)
    USB_LP_CAN1_RX0_IRQHandler               0x0800015f   Thumb Code     0  startup_stm32f10x_hd.o(.text)
    WWDG_IRQHandler                          0x0800015f   Thumb Code     0  startup_stm32f10x_hd.o(.text)
    __aeabi_fadd                             0x08000169   Thumb Code   164  fadd.o(.text)
    __aeabi_fsub                             0x0800020d   Thumb Code     6  fadd.o(.text)
    __aeabi_frsub                            0x08000213   Thumb Code     6  fadd.o(.text)
    __aeabi_fmul                             0x08000219   Thumb Code   100  fmul.o(.text)
    __aeabi_fdiv                             0x0800027d   Thumb Code   124  fdiv.o(.text)
    __aeabi_dadd                             0x080002f9   Thumb Code   322  dadd.o(.text)
    __aeabi_dsub                             0x0800043b   Thumb Code     6  dadd.o(.text)
    __aeabi_drsub                            0x08000441   Thumb Code     6  dadd.o(.text)
    __aeabi_dmul                             0x08000447   Thumb Code   228  dmul.o(.text)
    __aeabi_ddiv                             0x0800052b   Thumb Code   222  ddiv.o(.text)
    __aeabi_i2d                              0x08000609   Thumb Code    34  dflti.o(.text)
    __aeabi_ui2d                             0x0800062b   Thumb Code    26  dfltui.o(.text)
    __aeabi_d2uiz                            0x08000645   Thumb Code    50  dfixui.o(.text)
    __aeabi_f2d                              0x08000677   Thumb Code    38  f2d.o(.text)
    __aeabi_cdcmpeq                          0x0800069d   Thumb Code     0  cdcmple.o(.text)
    __aeabi_cdcmple                          0x0800069d   Thumb Code    48  cdcmple.o(.text)
    __aeabi_cdrcmple                         0x080006cd   Thumb Code    48  cdrcmple.o(.text)
    __aeabi_d2f                              0x080006fd   Thumb Code    56  d2f.o(.text)
    __aeabi_cfcmpeq                          0x08000735   Thumb Code     0  cfcmple.o(.text)
    __aeabi_cfcmple                          0x08000735   Thumb Code    20  cfcmple.o(.text)
    __aeabi_cfrcmple                         0x08000749   Thumb Code    20  cfrcmple.o(.text)
    __aeabi_uidiv                            0x0800075d   Thumb Code     0  uidiv.o(.text)
    __aeabi_uidivmod                         0x0800075d   Thumb Code    44  uidiv.o(.text)
    __aeabi_uldivmod                         0x08000789   Thumb Code    98  uldiv.o(.text)
    __aeabi_llsl                             0x080007eb   Thumb Code    30  llshl.o(.text)
    _ll_shift_l                              0x080007eb   Thumb Code     0  llshl.o(.text)
    __aeabi_llsr                             0x08000809   Thumb Code    32  llushr.o(.text)
    _ll_ushift_r                             0x08000809   Thumb Code     0  llushr.o(.text)
    __aeabi_lasr                             0x08000829   Thumb Code    36  llsshr.o(.text)
    _ll_sshift_r                             0x08000829   Thumb Code     0  llsshr.o(.text)
    __I$use$fp                               0x0800084d   Thumb Code     0  iusefp.o(.text)
    _float_round                             0x0800084d   Thumb Code    18  fepilogue.o(.text)
    _float_epilogue                          0x0800085f   Thumb Code    92  fepilogue.o(.text)
    _double_round                            0x080008bb   Thumb Code    30  depilogue.o(.text)
    _double_epilogue                         0x080008d9   Thumb Code   156  depilogue.o(.text)
    __ARM_scalbn                             0x08000975   Thumb Code    46  dscalb.o(.text)
    scalbn                                   0x08000975   Thumb Code     0  dscalb.o(.text)
    __aeabi_d2ulz                            0x080009a3   Thumb Code    48  dfixul.o(.text)
    __scatterload                            0x080009d5   Thumb Code    28  init.o(.text)
    __scatterload_rt2                        0x080009d5   Thumb Code     0  init.o(.text)
    __aeabi_d2iz                             0x080009f9   Thumb Code    62  dfixi.o(.text)
    __decompress                             0x08000a37   Thumb Code     0  __dczerorl2.o(.text)
    __decompress1                            0x08000a37   Thumb Code    86  __dczerorl2.o(.text)
    ADC1_2_IRQHandler                        0x08000a8d   Thumb Code    14  lipo.o(i.ADC1_2_IRQHandler)
    ADC_Cmd                                  0x08000aa5   Thumb Code    22  stm32f10x_adc.o(i.ADC_Cmd)
    ADC_GetCalibrationStatus                 0x08000abb   Thumb Code    20  stm32f10x_adc.o(i.ADC_GetCalibrationStatus)
    ADC_GetConversionValue                   0x08000acf   Thumb Code     8  stm32f10x_adc.o(i.ADC_GetConversionValue)
    ADC_GetResetCalibrationStatus            0x08000ad7   Thumb Code    20  stm32f10x_adc.o(i.ADC_GetResetCalibrationStatus)
    ADC_ITConfig                             0x08000aeb   Thumb Code    24  stm32f10x_adc.o(i.ADC_ITConfig)
    ADC_Init                                 0x08000b05   Thumb Code    70  stm32f10x_adc.o(i.ADC_Init)
    ADC_RegularChannelConfig                 0x08000b55   Thumb Code   184  stm32f10x_adc.o(i.ADC_RegularChannelConfig)
    ADC_ResetCalibration                     0x08000c0d   Thumb Code    10  stm32f10x_adc.o(i.ADC_ResetCalibration)
    ADC_SoftwareStartConvCmd                 0x08000c17   Thumb Code    22  stm32f10x_adc.o(i.ADC_SoftwareStartConvCmd)
    ADC_StartCalibration                     0x08000c2d   Thumb Code    10  stm32f10x_adc.o(i.ADC_StartCalibration)
    BoardMpu_CalPitchRoll                    0x08000c39   Thumb Code   318  boardmpu.o(i.BoardMpu_CalPitchRoll)
    BoardMpu_GetAccelData                    0x08000da1   Thumb Code   170  boardmpu.o(i.BoardMpu_GetAccelData)
    BoardMpu_GetDevID                        0x08000e61   Thumb Code    24  boardmpu.o(i.BoardMpu_GetDevID)
    BoardMpu_GetGyroData                     0x08000e7d   Thumb Code   170  boardmpu.o(i.BoardMpu_GetGyroData)
    BoardMpu_Init                            0x08000f41   Thumb Code   208  boardmpu.o(i.BoardMpu_Init)
    BoardMpu_SetDLPF                         0x0800101d   Thumb Code    90  boardmpu.o(i.BoardMpu_SetDLPF)
    BoardMpu_SetSampleRate                   0x08001077   Thumb Code    94  boardmpu.o(i.BoardMpu_SetSampleRate)
    BusFault_Handler                         0x080010d5   Thumb Code     4  stm32f10x_it.o(i.BusFault_Handler)
    Buzzer_Init                              0x080010d9   Thumb Code    46  buzzer.o(i.Buzzer_Init)
    CalledBySystickHandler                   0x0800110d   Thumb Code    18  systick.o(i.CalledBySystickHandler)
    DebugMon_Handler                         0x08001125   Thumb Code     2  stm32f10x_it.o(i.DebugMon_Handler)
    Delay_us                                 0x08001129   Thumb Code    32  systick.o(i.Delay_us)
    GPIO_Init                                0x0800114d   Thumb Code   278  stm32f10x_gpio.o(i.GPIO_Init)
    GPIO_ReadInputDataBit                    0x08001263   Thumb Code    18  stm32f10x_gpio.o(i.GPIO_ReadInputDataBit)
    GPIO_ResetBits                           0x08001275   Thumb Code     4  stm32f10x_gpio.o(i.GPIO_ResetBits)
    GPIO_SetBits                             0x08001279   Thumb Code     4  stm32f10x_gpio.o(i.GPIO_SetBits)
    GPIO_WriteBit                            0x0800127d   Thumb Code    10  stm32f10x_gpio.o(i.GPIO_WriteBit)
    HardFault_Handler                        0x08001287   Thumb Code     4  stm32f10x_it.o(i.HardFault_Handler)
    I2C1_Init                                0x0800128d   Thumb Code    42  i2c1.o(i.I2C1_Init)
    I2C1_ReadData                            0x080012c1   Thumb Code   148  i2c1.o(i.I2C1_ReadData)
    I2C1_RecvByte                            0x08001355   Thumb Code   138  i2c1.o(i.I2C1_RecvByte)
    I2C1_SendACK                             0x080013e9   Thumb Code    64  i2c1.o(i.I2C1_SendACK)
    I2C1_SendByte                            0x0800142d   Thumb Code    86  i2c1.o(i.I2C1_SendByte)
    I2C1_Start                               0x08001489   Thumb Code    54  i2c1.o(i.I2C1_Start)
    I2C1_Stop                                0x080014c5   Thumb Code    54  i2c1.o(i.I2C1_Stop)
    I2C1_WaitACK                             0x08001501   Thumb Code   124  i2c1.o(i.I2C1_WaitACK)
    I2C1_WriteData                           0x08001585   Thumb Code   110  i2c1.o(i.I2C1_WriteData)
    I2C2_Init                                0x080015f5   Thumb Code    46  i2c2.o(i.I2C2_Init)
    I2C2_ReadData                            0x0800162d   Thumb Code   148  i2c2.o(i.I2C2_ReadData)
    I2C2_RecvByte                            0x080016c1   Thumb Code   152  i2c2.o(i.I2C2_RecvByte)
    I2C2_SendACK                             0x08001761   Thumb Code    72  i2c2.o(i.I2C2_SendACK)
    I2C2_SendByte                            0x080017ad   Thumb Code    94  i2c2.o(i.I2C2_SendByte)
    I2C2_Start                               0x08001811   Thumb Code    62  i2c2.o(i.I2C2_Start)
    I2C2_Stop                                0x08001855   Thumb Code    62  i2c2.o(i.I2C2_Stop)
    I2C2_WaitACK                             0x08001899   Thumb Code   138  i2c2.o(i.I2C2_WaitACK)
    I2C2_WriteData                           0x0800192d   Thumb Code   110  i2c2.o(i.I2C2_WriteData)
    Led_Init                                 0x0800199d   Thumb Code    50  led.o(i.Led_Init)
    LipoADC_Init                             0x080019d5   Thumb Code   168  lipo.o(i.LipoADC_Init)
    LipoGPIO_Init                            0x08001a81   Thumb Code    38  lipo.o(i.LipoGPIO_Init)
    Lipo_CalVoltage                          0x08001aad   Thumb Code   102  lipo.o(i.Lipo_CalVoltage)
    Lipo_Init                                0x08001b25   Thumb Code    12  lipo.o(i.Lipo_Init)
    MedianFilter                             0x08001b31   Thumb Code   284  pid.o(i.MedianFilter)
    MemManage_Handler                        0x08001c65   Thumb Code     4  stm32f10x_it.o(i.MemManage_Handler)
    Motor0_Run                               0x08001c69   Thumb Code   164  motor.o(i.Motor0_Run)
    Motor0_SetPWM                            0x08001d25   Thumb Code    52  motor.o(i.Motor0_SetPWM)
    Motor0_Shutdown                          0x08001d65   Thumb Code    34  motor.o(i.Motor0_Shutdown)
    Motor1_Run                               0x08001d8d   Thumb Code   164  motor.o(i.Motor1_Run)
    Motor1_SetPWM                            0x08001e49   Thumb Code    56  motor.o(i.Motor1_SetPWM)
    Motor1_Shutdown                          0x08001e8d   Thumb Code    36  motor.o(i.Motor1_Shutdown)
    Motor2_Run                               0x08001eb5   Thumb Code   164  motor.o(i.Motor2_Run)
    Motor2_SetPWM                            0x08001f71   Thumb Code    54  motor.o(i.Motor2_SetPWM)
    Motor2_Shutdown                          0x08001fb5   Thumb Code    34  motor.o(i.Motor2_Shutdown)
    MotorPWM_Init                            0x08001fdd   Thumb Code   384  motor.o(i.MotorPWM_Init)
    MotorPos_Init                            0x0800216d   Thumb Code    16  motor.o(i.MotorPos_Init)
    Motor_Init                               0x0800217d   Thumb Code    16  motor.o(i.Motor_Init)
    Mpu6050_CalPitchRoll                     0x0800218d   Thumb Code   618  mpu6050.o(i.Mpu6050_CalPitchRoll)
    Mpu6050_GetAccelData                     0x0800244d   Thumb Code   170  mpu6050.o(i.Mpu6050_GetAccelData)
    Mpu6050_GetDevID                         0x0800250d   Thumb Code    24  mpu6050.o(i.Mpu6050_GetDevID)
    Mpu6050_GetGyroData                      0x08002529   Thumb Code   170  mpu6050.o(i.Mpu6050_GetGyroData)
    Mpu6050_Init                             0x080025ed   Thumb Code   198  mpu6050.o(i.Mpu6050_Init)
    Mpu6050_SetDLPF                          0x080026b9   Thumb Code    90  mpu6050.o(i.Mpu6050_SetDLPF)
    Mpu6050_SetSampleRate                    0x08002713   Thumb Code    94  mpu6050.o(i.Mpu6050_SetSampleRate)
    NMI_Handler                              0x08002771   Thumb Code     2  stm32f10x_it.o(i.NMI_Handler)
    NVIC_Init                                0x08002775   Thumb Code   100  misc.o(i.NVIC_Init)
    NVIC_PriorityGroupConfig                 0x080027e5   Thumb Code    10  misc.o(i.NVIC_PriorityGroupConfig)
    PID_Motor0                               0x08002821   Thumb Code   308  pid.o(i.PID_Motor0)
    PID_Motor1                               0x08002995   Thumb Code   308  pid.o(i.PID_Motor1)
    PID_Motor2                               0x08002b09   Thumb Code   296  pid.o(i.PID_Motor2)
    PendSV_Handler                           0x08002c71   Thumb Code     2  stm32f10x_it.o(i.PendSV_Handler)
    RCC_ADCCLKConfig                         0x08002c75   Thumb Code    18  stm32f10x_rcc.o(i.RCC_ADCCLKConfig)
    RCC_APB1PeriphClockCmd                   0x08002c8d   Thumb Code    26  stm32f10x_rcc.o(i.RCC_APB1PeriphClockCmd)
    RCC_APB1PeriphResetCmd                   0x08002cad   Thumb Code    26  stm32f10x_rcc.o(i.RCC_APB1PeriphResetCmd)
    RCC_APB2PeriphClockCmd                   0x08002ccd   Thumb Code    26  stm32f10x_rcc.o(i.RCC_APB2PeriphClockCmd)
    RCC_APB2PeriphResetCmd                   0x08002ced   Thumb Code    26  stm32f10x_rcc.o(i.RCC_APB2PeriphResetCmd)
    RCC_GetClocksFreq                        0x08002d0d   Thumb Code   192  stm32f10x_rcc.o(i.RCC_GetClocksFreq)
    SVC_Handler                              0x08002de1   Thumb Code     2  stm32f10x_it.o(i.SVC_Handler)
    SineArray_Init                           0x08002ecd   Thumb Code   284  motor.o(i.SineArray_Init)
    SysTick_Handler                          0x08003011   Thumb Code     8  systick.o(i.SysTick_Handler)
    SystemInit                               0x08003019   Thumb Code    78  system_stm32f10x.o(i.SystemInit)
    Systick_Init                             0x08003079   Thumb Code    90  systick.o(i.Systick_Init)
    TIM_ARRPreloadConfig                     0x080030dd   Thumb Code    24  stm32f10x_tim.o(i.TIM_ARRPreloadConfig)
    TIM_CCxCmd                               0x080030f5   Thumb Code    30  stm32f10x_tim.o(i.TIM_CCxCmd)
    TIM_Cmd                                  0x08003113   Thumb Code    24  stm32f10x_tim.o(i.TIM_Cmd)
    TIM_OC1Init                              0x0800312d   Thumb Code   132  stm32f10x_tim.o(i.TIM_OC1Init)
    TIM_OC1PreloadConfig                     0x080031c5   Thumb Code    18  stm32f10x_tim.o(i.TIM_OC1PreloadConfig)
    TIM_OC2Init                              0x080031d9   Thumb Code   154  stm32f10x_tim.o(i.TIM_OC2Init)
    TIM_OC2PreloadConfig                     0x0800327d   Thumb Code    26  stm32f10x_tim.o(i.TIM_OC2PreloadConfig)
    TIM_OC3Init                              0x08003299   Thumb Code   150  stm32f10x_tim.o(i.TIM_OC3Init)
    TIM_OC3PreloadConfig                     0x08003339   Thumb Code    18  stm32f10x_tim.o(i.TIM_OC3PreloadConfig)
    TIM_OC4Init                              0x0800334d   Thumb Code   114  stm32f10x_tim.o(i.TIM_OC4Init)
    TIM_OC4PreloadConfig                     0x080033c9   Thumb Code    26  stm32f10x_tim.o(i.TIM_OC4PreloadConfig)
    TIM_SetCompare1                          0x080033e3   Thumb Code     4  stm32f10x_tim.o(i.TIM_SetCompare1)
    TIM_SetCompare2                          0x080033e7   Thumb Code     4  stm32f10x_tim.o(i.TIM_SetCompare2)
    TIM_SetCompare3                          0x080033eb   Thumb Code     4  stm32f10x_tim.o(i.TIM_SetCompare3)
    TIM_SetCompare4                          0x080033ef   Thumb Code     6  stm32f10x_tim.o(i.TIM_SetCompare4)
    TIM_TimeBaseInit                         0x080033f5   Thumb Code   122  stm32f10x_tim.o(i.TIM_TimeBaseInit)
    USART1_IRQHandler                        0x08003499   Thumb Code    54  usart1.o(i.USART1_IRQHandler)
    USART_Cmd                                0x080034dd   Thumb Code    24  stm32f10x_usart.o(i.USART_Cmd)
    USART_DeInit                             0x080034f5   Thumb Code   134  stm32f10x_usart.o(i.USART_DeInit)
    USART_GetFlagStatus                      0x08003591   Thumb Code    26  stm32f10x_usart.o(i.USART_GetFlagStatus)
    USART_GetITStatus                        0x080035ab   Thumb Code    84  stm32f10x_usart.o(i.USART_GetITStatus)
    USART_ITConfig                           0x080035ff   Thumb Code    74  stm32f10x_usart.o(i.USART_ITConfig)
    USART_Init                               0x08003649   Thumb Code   210  stm32f10x_usart.o(i.USART_Init)
    USART_ReceiveData                        0x08003721   Thumb Code    10  stm32f10x_usart.o(i.USART_ReceiveData)
    USART_SendData                           0x0800372b   Thumb Code     8  stm32f10x_usart.o(i.USART_SendData)
    UsageFault_Handler                       0x08003733   Thumb Code     4  stm32f10x_it.o(i.UsageFault_Handler)
    Usart1_Init                              0x08003739   Thumb Code   168  usart1.o(i.Usart1_Init)
    __0printf                                0x080037e9   Thumb Code    22  printfa.o(i.__0printf)
    __1printf                                0x080037e9   Thumb Code     0  printfa.o(i.__0printf)
    __2printf                                0x080037e9   Thumb Code     0  printfa.o(i.__0printf)
    __c89printf                              0x080037e9   Thumb Code     0  printfa.o(i.__0printf)
    printf                                   0x080037e9   Thumb Code     0  printfa.o(i.__0printf)
    __ARM_fpclassify                         0x08003809   Thumb Code    40  fpclassify.o(i.__ARM_fpclassify)
    __ieee754_rem_pio2                       0x08003831   Thumb Code   828  rred.o(i.__ieee754_rem_pio2)
    __kernel_cos                             0x08003bb9   Thumb Code   230  cos_i.o(i.__kernel_cos)
    __kernel_poly                            0x08003cb5   Thumb Code   170  poly.o(i.__kernel_poly)
    __kernel_sin                             0x08003d61   Thumb Code   224  sin_i.o(i.__kernel_sin)
    __mathlib_dbl_infnan                     0x08003e4d   Thumb Code     6  dunder.o(i.__mathlib_dbl_infnan)
    __mathlib_dbl_infnan2                    0x08003e53   Thumb Code     4  dunder.o(i.__mathlib_dbl_infnan2)
    __mathlib_dbl_invalid                    0x08003e57   Thumb Code    12  dunder.o(i.__mathlib_dbl_invalid)
    __mathlib_dbl_underflow                  0x08003e65   Thumb Code    10  dunder.o(i.__mathlib_dbl_underflow)
    __scatterload_copy                       0x08003e75   Thumb Code    14  handlers.o(i.__scatterload_copy)
    __scatterload_null                       0x08003e83   Thumb Code     2  handlers.o(i.__scatterload_null)
    __scatterload_zeroinit                   0x08003e85   Thumb Code    14  handlers.o(i.__scatterload_zeroinit)
    __set_errno                              0x08003e95   Thumb Code     6  errno.o(i.__set_errno)
    atan                                     0x08004735   Thumb Code   474  atan.o(i.atan)
    atan2                                    0x08004955   Thumb Code   346  atan2.o(i.atan2)
    fputc                                    0x08004ad5   Thumb Code    32  usart1.o(i.fputc)
    main                                     0x08004af9   Thumb Code   914  main.o(i.main)
    sin                                      0x08004f0d   Thumb Code   150  sin.o(i.sin)
    __mathlib_zero                           0x08005078   Data           8  qnan.o(.constdata)
    Region$$Table$$Base                      0x08005170   Number         0  anon$$obj.o(Region$$Table)
    Region$$Table$$Limit                     0x08005190   Number         0  anon$$obj.o(Region$$Table)
    SystemCoreClock                          0x20000000   Data           4  system_stm32f10x.o(.data)
    AHBPrescTable                            0x20000004   Data          16  system_stm32f10x.o(.data)
    Mpu6050_ID                               0x2000004a   Data           1  mpu6050.o(.data)
    Mpu6050_Accel_X                          0x2000004c   Data           4  mpu6050.o(.data)
    Mpu6050_Accel_Y                          0x20000050   Data           4  mpu6050.o(.data)
    Mpu6050_Accel_Z                          0x20000054   Data           4  mpu6050.o(.data)
    Mpu6050_Temp                             0x20000058   Data           4  mpu6050.o(.data)
    Mpu6050_Gyro_X                           0x2000005c   Data           4  mpu6050.o(.data)
    Mpu6050_Gyro_Y                           0x20000060   Data           4  mpu6050.o(.data)
    Mpu6050_Gyro_Z                           0x20000064   Data           4  mpu6050.o(.data)
    Mpu6050_Pitch                            0x20000068   Data           4  mpu6050.o(.data)
    Mpu6050_Roll                             0x2000006c   Data           4  mpu6050.o(.data)
    cntUsart1RxBuff                          0x200000a8   Data           2  usart1.o(.data)
    BoardMpu_ID                              0x2000016e   Data           1  boardmpu.o(.data)
    BoardMpu_Accel_X                         0x20000170   Data           4  boardmpu.o(.data)
    BoardMpu_Accel_Y                         0x20000174   Data           4  boardmpu.o(.data)
    BoardMpu_Accel_Z                         0x20000178   Data           4  boardmpu.o(.data)
    BoardMpu_Temp                            0x2000017c   Data           4  boardmpu.o(.data)
    BoardMpu_Gyro_X                          0x20000180   Data           4  boardmpu.o(.data)
    BoardMpu_Gyro_Y                          0x20000184   Data           4  boardmpu.o(.data)
    BoardMpu_Gyro_Z                          0x20000188   Data           4  boardmpu.o(.data)
    BoardMpu_Pitch                           0x2000018c   Data           4  boardmpu.o(.data)
    BoardMpu_Roll                            0x20000190   Data           4  boardmpu.o(.data)
    Lipo_Voltage                             0x200001a0   Data           4  lipo.o(.data)
    __stdout                                 0x200001a4   Data           4  stdout.o(.data)
    usart1RxBuff                             0x200009ac   Data         256  usart1.o(.bss)
    __initial_sp                             0x20000fc8   Data           0  startup_stm32f10x_hd.o(STACK)



==============================================================================

Memory Map of the image

  Image Entry point : 0x08000145

  Load Region LR_1 (Base: 0x08000000, Size: 0x0000533c, Max: 0xffffffff, ABSOLUTE, COMPRESSED[0x000051b4])

    Execution Region ER_RO (Base: 0x08000000, Size: 0x00005190, Max: 0xffffffff, ABSOLUTE)

    Base Addr    Size         Type   Attr      Idx    E Section Name        Object

    0x08000000   0x00000130   Data   RO            3    RESET               startup_stm32f10x_hd.o
    0x08000130   0x00000000   Code   RO         3783  * .ARM.Collect$$$$00000000  mc_w.l(entry.o)
    0x08000130   0x00000004   Code   RO         4128    .ARM.Collect$$$$00000001  mc_w.l(entry2.o)
    0x08000134   0x00000004   Code   RO         4131    .ARM.Collect$$$$00000004  mc_w.l(entry5.o)
    0x08000138   0x00000000   Code   RO         4133    .ARM.Collect$$$$00000008  mc_w.l(entry7b.o)
    0x08000138   0x00000000   Code   RO         4135    .ARM.Collect$$$$0000000A  mc_w.l(entry8b.o)
    0x08000138   0x00000008   Code   RO         4136    .ARM.Collect$$$$0000000B  mc_w.l(entry9a.o)
    0x08000140   0x00000000   Code   RO         4138    .ARM.Collect$$$$0000000D  mc_w.l(entry10a.o)
    0x08000140   0x00000000   Code   RO         4140    .ARM.Collect$$$$0000000F  mc_w.l(entry11a.o)
    0x08000140   0x00000004   Code   RO         4129    .ARM.Collect$$$$00002712  mc_w.l(entry2.o)
    0x08000144   0x00000024   Code   RO            4  * .text               startup_stm32f10x_hd.o
    0x08000168   0x000000b0   Code   RO         4047    .text               mf_w.l(fadd.o)
    0x08000218   0x00000064   Code   RO         4049    .text               mf_w.l(fmul.o)
    0x0800027c   0x0000007c   Code   RO         4051    .text               mf_w.l(fdiv.o)
    0x080002f8   0x0000014e   Code   RO         4053    .text               mf_w.l(dadd.o)
    0x08000446   0x000000e4   Code   RO         4055    .text               mf_w.l(dmul.o)
    0x0800052a   0x000000de   Code   RO         4057    .text               mf_w.l(ddiv.o)
    0x08000608   0x00000022   Code   RO         4059    .text               mf_w.l(dflti.o)
    0x0800062a   0x0000001a   Code   RO         4061    .text               mf_w.l(dfltui.o)
    0x08000644   0x00000032   Code   RO         4063    .text               mf_w.l(dfixui.o)
    0x08000676   0x00000026   Code   RO         4065    .text               mf_w.l(f2d.o)
    0x0800069c   0x00000030   Code   RO         4067    .text               mf_w.l(cdcmple.o)
    0x080006cc   0x00000030   Code   RO         4069    .text               mf_w.l(cdrcmple.o)
    0x080006fc   0x00000038   Code   RO         4071    .text               mf_w.l(d2f.o)
    0x08000734   0x00000014   Code   RO         4073    .text               mf_w.l(cfcmple.o)
    0x08000748   0x00000014   Code   RO         4075    .text               mf_w.l(cfrcmple.o)
    0x0800075c   0x0000002c   Code   RO         4143    .text               mc_w.l(uidiv.o)
    0x08000788   0x00000062   Code   RO         4145    .text               mc_w.l(uldiv.o)
    0x080007ea   0x0000001e   Code   RO         4147    .text               mc_w.l(llshl.o)
    0x08000808   0x00000020   Code   RO         4149    .text               mc_w.l(llushr.o)
    0x08000828   0x00000024   Code   RO         4151    .text               mc_w.l(llsshr.o)
    0x0800084c   0x00000000   Code   RO         4160    .text               mc_w.l(iusefp.o)
    0x0800084c   0x0000006e   Code   RO         4161    .text               mf_w.l(fepilogue.o)
    0x080008ba   0x000000ba   Code   RO         4163    .text               mf_w.l(depilogue.o)
    0x08000974   0x0000002e   Code   RO         4165    .text               mf_w.l(dscalb.o)
    0x080009a2   0x00000030   Code   RO         4167    .text               mf_w.l(dfixul.o)
    0x080009d2   0x00000002   PAD
    0x080009d4   0x00000024   Code   RO         4169    .text               mc_w.l(init.o)
    0x080009f8   0x0000003e   Code   RO         4173    .text               mf_w.l(dfixi.o)
    0x08000a36   0x00000056   Code   RO         4183    .text               mc_w.l(__dczerorl2.o)
    0x08000a8c   0x00000018   Code   RO         3703    i.ADC1_2_IRQHandler  lipo.o
    0x08000aa4   0x00000016   Code   RO          132    i.ADC_Cmd           stm32f10x_adc.o
    0x08000aba   0x00000014   Code   RO          140    i.ADC_GetCalibrationStatus  stm32f10x_adc.o
    0x08000ace   0x00000008   Code   RO          141    i.ADC_GetConversionValue  stm32f10x_adc.o
    0x08000ad6   0x00000014   Code   RO          146    i.ADC_GetResetCalibrationStatus  stm32f10x_adc.o
    0x08000aea   0x00000018   Code   RO          149    i.ADC_ITConfig      stm32f10x_adc.o
    0x08000b02   0x00000002   PAD
    0x08000b04   0x00000050   Code   RO          150    i.ADC_Init          stm32f10x_adc.o
    0x08000b54   0x000000b8   Code   RO          154    i.ADC_RegularChannelConfig  stm32f10x_adc.o
    0x08000c0c   0x0000000a   Code   RO          155    i.ADC_ResetCalibration  stm32f10x_adc.o
    0x08000c16   0x00000016   Code   RO          157    i.ADC_SoftwareStartConvCmd  stm32f10x_adc.o
    0x08000c2c   0x0000000a   Code   RO          159    i.ADC_StartCalibration  stm32f10x_adc.o
    0x08000c36   0x00000002   PAD
    0x08000c38   0x00000168   Code   RO         3574    i.BoardMpu_CalPitchRoll  boardmpu.o
    0x08000da0   0x000000c0   Code   RO         3575    i.BoardMpu_GetAccelData  boardmpu.o
    0x08000e60   0x0000001c   Code   RO         3576    i.BoardMpu_GetDevID  boardmpu.o
    0x08000e7c   0x000000c4   Code   RO         3577    i.BoardMpu_GetGyroData  boardmpu.o
    0x08000f40   0x000000dc   Code   RO         3579    i.BoardMpu_Init     boardmpu.o
    0x0800101c   0x0000005a   Code   RO         3580    i.BoardMpu_SetDLPF  boardmpu.o
    0x08001076   0x0000005e   Code   RO         3581    i.BoardMpu_SetSampleRate  boardmpu.o
    0x080010d4   0x00000004   Code   RO         3172    i.BusFault_Handler  stm32f10x_it.o
    0x080010d8   0x00000034   Code   RO         3745    i.Buzzer_Init       buzzer.o
    0x0800110c   0x00000018   Code   RO         3241    i.CalledBySystickHandler  systick.o
    0x08001124   0x00000002   Code   RO         3173    i.DebugMon_Handler  stm32f10x_it.o
    0x08001126   0x00000002   PAD
    0x08001128   0x00000024   Code   RO         3242    i.Delay_us          systick.o
    0x0800114c   0x00000116   Code   RO         1271    i.GPIO_Init         stm32f10x_gpio.o
    0x08001262   0x00000012   Code   RO         1275    i.GPIO_ReadInputDataBit  stm32f10x_gpio.o
    0x08001274   0x00000004   Code   RO         1278    i.GPIO_ResetBits    stm32f10x_gpio.o
    0x08001278   0x00000004   Code   RO         1279    i.GPIO_SetBits      stm32f10x_gpio.o
    0x0800127c   0x0000000a   Code   RO         1282    i.GPIO_WriteBit     stm32f10x_gpio.o
    0x08001286   0x00000004   Code   RO         3174    i.HardFault_Handler  stm32f10x_it.o
    0x0800128a   0x00000002   PAD
    0x0800128c   0x00000034   Code   RO         3282    i.I2C1_Init         i2c1.o
    0x080012c0   0x00000094   Code   RO         3283    i.I2C1_ReadData     i2c1.o
    0x08001354   0x00000094   Code   RO         3284    i.I2C1_RecvByte     i2c1.o
    0x080013e8   0x00000044   Code   RO         3285    i.I2C1_SendACK      i2c1.o
    0x0800142c   0x0000005c   Code   RO         3286    i.I2C1_SendByte     i2c1.o
    0x08001488   0x0000003c   Code   RO         3287    i.I2C1_Start        i2c1.o
    0x080014c4   0x0000003c   Code   RO         3288    i.I2C1_Stop         i2c1.o
    0x08001500   0x00000084   Code   RO         3289    i.I2C1_WaitACK      i2c1.o
    0x08001584   0x0000006e   Code   RO         3290    i.I2C1_WriteData    i2c1.o
    0x080015f2   0x00000002   PAD
    0x080015f4   0x00000038   Code   RO         3641    i.I2C2_Init         i2c2.o
    0x0800162c   0x00000094   Code   RO         3642    i.I2C2_ReadData     i2c2.o
    0x080016c0   0x000000a0   Code   RO         3643    i.I2C2_RecvByte     i2c2.o
    0x08001760   0x0000004c   Code   RO         3644    i.I2C2_SendACK      i2c2.o
    0x080017ac   0x00000064   Code   RO         3645    i.I2C2_SendByte     i2c2.o
    0x08001810   0x00000044   Code   RO         3646    i.I2C2_Start        i2c2.o
    0x08001854   0x00000044   Code   RO         3647    i.I2C2_Stop         i2c2.o
    0x08001898   0x00000094   Code   RO         3648    i.I2C2_WaitACK      i2c2.o
    0x0800192c   0x0000006e   Code   RO         3649    i.I2C2_WriteData    i2c2.o
    0x0800199a   0x00000002   PAD
    0x0800199c   0x00000038   Code   RO         3229    i.Led_Init          led.o
    0x080019d4   0x000000ac   Code   RO         3704    i.LipoADC_Init      lipo.o
    0x08001a80   0x0000002c   Code   RO         3705    i.LipoGPIO_Init     lipo.o
    0x08001aac   0x00000078   Code   RO         3706    i.Lipo_CalVoltage   lipo.o
    0x08001b24   0x0000000c   Code   RO         3707    i.Lipo_Init         lipo.o
    0x08001b30   0x00000134   Code   RO         3535    i.MedianFilter      pid.o
    0x08001c64   0x00000004   Code   RO         3175    i.MemManage_Handler  stm32f10x_it.o
    0x08001c68   0x000000bc   Code   RO         3407    i.Motor0_Run        motor.o
    0x08001d24   0x00000040   Code   RO         3408    i.Motor0_SetPWM     motor.o
    0x08001d64   0x00000028   Code   RO         3409    i.Motor0_Shutdown   motor.o
    0x08001d8c   0x000000bc   Code   RO         3410    i.Motor1_Run        motor.o
    0x08001e48   0x00000044   Code   RO         3411    i.Motor1_SetPWM     motor.o
    0x08001e8c   0x00000028   Code   RO         3412    i.Motor1_Shutdown   motor.o
    0x08001eb4   0x000000bc   Code   RO         3413    i.Motor2_Run        motor.o
    0x08001f70   0x00000044   Code   RO         3414    i.Motor2_SetPWM     motor.o
    0x08001fb4   0x00000028   Code   RO         3415    i.Motor2_Shutdown   motor.o
    0x08001fdc   0x00000190   Code   RO         3416    i.MotorPWM_Init     motor.o
    0x0800216c   0x00000010   Code   RO         3417    i.MotorPos_Init     motor.o
    0x0800217c   0x00000010   Code   RO         3418    i.Motor_Init        motor.o
    0x0800218c   0x000002c0   Code   RO         3344    i.Mpu6050_CalPitchRoll  mpu6050.o
    0x0800244c   0x000000c0   Code   RO         3345    i.Mpu6050_GetAccelData  mpu6050.o
    0x0800250c   0x0000001c   Code   RO         3346    i.Mpu6050_GetDevID  mpu6050.o
    0x08002528   0x000000c4   Code   RO         3347    i.Mpu6050_GetGyroData  mpu6050.o
    0x080025ec   0x000000cc   Code   RO         3349    i.Mpu6050_Init      mpu6050.o
    0x080026b8   0x0000005a   Code   RO         3350    i.Mpu6050_SetDLPF   mpu6050.o
    0x08002712   0x0000005e   Code   RO         3351    i.Mpu6050_SetSampleRate  mpu6050.o
    0x08002770   0x00000002   Code   RO         3176    i.NMI_Handler       stm32f10x_it.o
    0x08002772   0x00000002   PAD
    0x08002774   0x00000070   Code   RO           86    i.NVIC_Init         misc.o
    0x080027e4   0x00000014   Code   RO           87    i.NVIC_PriorityGroupConfig  misc.o
    0x080027f8   0x00000028   Code   RO         3243    i.NVIC_SetPriority  systick.o
    0x08002820   0x00000174   Code   RO         3536    i.PID_Motor0        pid.o
    0x08002994   0x00000174   Code   RO         3537    i.PID_Motor1        pid.o
    0x08002b08   0x00000168   Code   RO         3538    i.PID_Motor2        pid.o
    0x08002c70   0x00000002   Code   RO         3177    i.PendSV_Handler    stm32f10x_it.o
    0x08002c72   0x00000002   PAD
    0x08002c74   0x00000018   Code   RO         1694    i.RCC_ADCCLKConfig  stm32f10x_rcc.o
    0x08002c8c   0x00000020   Code   RO         1696    i.RCC_APB1PeriphClockCmd  stm32f10x_rcc.o
    0x08002cac   0x00000020   Code   RO         1697    i.RCC_APB1PeriphResetCmd  stm32f10x_rcc.o
    0x08002ccc   0x00000020   Code   RO         1698    i.RCC_APB2PeriphClockCmd  stm32f10x_rcc.o
    0x08002cec   0x00000020   Code   RO         1699    i.RCC_APB2PeriphResetCmd  stm32f10x_rcc.o
    0x08002d0c   0x000000d4   Code   RO         1706    i.RCC_GetClocksFreq  stm32f10x_rcc.o
    0x08002de0   0x00000002   Code   RO         3178    i.SVC_Handler       stm32f10x_it.o
    0x08002de2   0x00000008   Code   RO           24    i.SetSysClock       system_stm32f10x.o
    0x08002dea   0x00000002   PAD
    0x08002dec   0x000000e0   Code   RO           25    i.SetSysClockTo72   system_stm32f10x.o
    0x08002ecc   0x00000144   Code   RO         3419    i.SineArray_Init    motor.o
    0x08003010   0x00000008   Code   RO         3244    i.SysTick_Handler   systick.o
    0x08003018   0x00000060   Code   RO           27    i.SystemInit        system_stm32f10x.o
    0x08003078   0x00000064   Code   RO         3245    i.Systick_Init      systick.o
    0x080030dc   0x00000018   Code   RO         2327    i.TIM_ARRPreloadConfig  stm32f10x_tim.o
    0x080030f4   0x0000001e   Code   RO         2331    i.TIM_CCxCmd        stm32f10x_tim.o
    0x08003112   0x00000018   Code   RO         2339    i.TIM_Cmd           stm32f10x_tim.o
    0x0800312a   0x00000002   PAD
    0x0800312c   0x00000098   Code   RO         2368    i.TIM_OC1Init       stm32f10x_tim.o
    0x080031c4   0x00000012   Code   RO         2371    i.TIM_OC1PreloadConfig  stm32f10x_tim.o
    0x080031d6   0x00000002   PAD
    0x080031d8   0x000000a4   Code   RO         2373    i.TIM_OC2Init       stm32f10x_tim.o
    0x0800327c   0x0000001a   Code   RO         2376    i.TIM_OC2PreloadConfig  stm32f10x_tim.o
    0x08003296   0x00000002   PAD
    0x08003298   0x000000a0   Code   RO         2378    i.TIM_OC3Init       stm32f10x_tim.o
    0x08003338   0x00000012   Code   RO         2381    i.TIM_OC3PreloadConfig  stm32f10x_tim.o
    0x0800334a   0x00000002   PAD
    0x0800334c   0x0000007c   Code   RO         2383    i.TIM_OC4Init       stm32f10x_tim.o
    0x080033c8   0x0000001a   Code   RO         2385    i.TIM_OC4PreloadConfig  stm32f10x_tim.o
    0x080033e2   0x00000004   Code   RO         2400    i.TIM_SetCompare1   stm32f10x_tim.o
    0x080033e6   0x00000004   Code   RO         2401    i.TIM_SetCompare2   stm32f10x_tim.o
    0x080033ea   0x00000004   Code   RO         2402    i.TIM_SetCompare3   stm32f10x_tim.o
    0x080033ee   0x00000006   Code   RO         2403    i.TIM_SetCompare4   stm32f10x_tim.o
    0x080033f4   0x000000a4   Code   RO         2410    i.TIM_TimeBaseInit  stm32f10x_tim.o
    0x08003498   0x00000044   Code   RO         3498    i.USART1_IRQHandler  usart1.o
    0x080034dc   0x00000018   Code   RO         2875    i.USART_Cmd         stm32f10x_usart.o
    0x080034f4   0x0000009c   Code   RO         2877    i.USART_DeInit      stm32f10x_usart.o
    0x08003590   0x0000001a   Code   RO         2878    i.USART_GetFlagStatus  stm32f10x_usart.o
    0x080035aa   0x00000054   Code   RO         2879    i.USART_GetITStatus  stm32f10x_usart.o
    0x080035fe   0x0000004a   Code   RO         2881    i.USART_ITConfig    stm32f10x_usart.o
    0x08003648   0x000000d8   Code   RO         2882    i.USART_Init        stm32f10x_usart.o
    0x08003720   0x0000000a   Code   RO         2889    i.USART_ReceiveData  stm32f10x_usart.o
    0x0800372a   0x00000008   Code   RO         2892    i.USART_SendData    stm32f10x_usart.o
    0x08003732   0x00000004   Code   RO         3179    i.UsageFault_Handler  stm32f10x_it.o
    0x08003736   0x00000002   PAD
    0x08003738   0x000000b0   Code   RO         3499    i.Usart1_Init       usart1.o
    0x080037e8   0x00000020   Code   RO         4019    i.__0printf         mc_w.l(printfa.o)
    0x08003808   0x00000028   Code   RO         4104    i.__ARM_fpclassify  m_ws.l(fpclassify.o)
    0x08003830   0x00000388   Code   RO         4109    i.__ieee754_rem_pio2  m_ws.l(rred.o)
    0x08003bb8   0x000000fc   Code   RO         4087    i.__kernel_cos      m_ws.l(cos_i.o)
    0x08003cb4   0x000000aa   Code   RO         4106    i.__kernel_poly     m_ws.l(poly.o)
    0x08003d5e   0x00000002   PAD
    0x08003d60   0x000000ec   Code   RO         4114    i.__kernel_sin      m_ws.l(sin_i.o)
    0x08003e4c   0x00000006   Code   RO         4091    i.__mathlib_dbl_infnan  m_ws.l(dunder.o)
    0x08003e52   0x00000004   Code   RO         4092    i.__mathlib_dbl_infnan2  m_ws.l(dunder.o)
    0x08003e56   0x0000000c   Code   RO         4093    i.__mathlib_dbl_invalid  m_ws.l(dunder.o)
    0x08003e62   0x00000002   PAD
    0x08003e64   0x00000010   Code   RO         4096    i.__mathlib_dbl_underflow  m_ws.l(dunder.o)
    0x08003e74   0x0000000e   Code   RO         4177    i.__scatterload_copy  mc_w.l(handlers.o)
    0x08003e82   0x00000002   Code   RO         4178    i.__scatterload_null  mc_w.l(handlers.o)
    0x08003e84   0x0000000e   Code   RO         4179    i.__scatterload_zeroinit  mc_w.l(handlers.o)
    0x08003e92   0x00000002   PAD
    0x08003e94   0x0000000c   Code   RO         4155    i.__set_errno       mc_w.l(errno.o)
    0x08003ea0   0x00000164   Code   RO         4026    i._fp_digits        mc_w.l(printfa.o)
    0x08004004   0x000006dc   Code   RO         4027    i._printf_core      mc_w.l(printfa.o)
    0x080046e0   0x00000024   Code   RO         4028    i._printf_post_padding  mc_w.l(printfa.o)
    0x08004704   0x0000002e   Code   RO         4029    i._printf_pre_padding  mc_w.l(printfa.o)
    0x08004732   0x00000002   PAD
    0x08004734   0x00000220   Code   RO         4078    i.atan              m_ws.l(atan.o)
    0x08004954   0x00000180   Code   RO         3758    i.atan2             m_ws.l(atan2.o)
    0x08004ad4   0x00000024   Code   RO         3501    i.fputc             usart1.o
    0x08004af8   0x00000414   Code   RO         3108    i.main              main.o
    0x08004f0c   0x000000a0   Code   RO         3776    i.sin               m_ws.l(sin.o)
    0x08004fac   0x00000002   Data   RO         3421    .constdata          motor.o
    0x08004fae   0x00000002   PAD
    0x08004fb0   0x00000098   Data   RO         4079    .constdata          m_ws.l(atan.o)
    0x08005048   0x00000030   Data   RO         4088    .constdata          m_ws.l(cos_i.o)
    0x08005078   0x00000008   Data   RO         4108    .constdata          m_ws.l(qnan.o)
    0x08005080   0x000000c8   Data   RO         4111    .constdata          m_ws.l(rred.o)
    0x08005148   0x00000028   Data   RO         4115    .constdata          m_ws.l(sin_i.o)
    0x08005170   0x00000020   Data   RO         4175    Region$$Table       anon$$obj.o


    Execution Region ER_RW (Base: 0x20000000, Size: 0x000001ac, Max: 0xffffffff, ABSOLUTE, COMPRESSED[0x00000024])

    Base Addr    Size         Type   Attr      Idx    E Section Name        Object

    0x20000000   0x00000014   Data   RW           28    .data               system_stm32f10x.o
    0x20000014   0x00000014   Data   RW         1726    .data               stm32f10x_rcc.o
    0x20000028   0x00000004   Data   RW         3246    .data               systick.o
    0x2000002c   0x00000008   Data   RW         3291    .data               i2c1.o
    0x20000034   0x0000004c   Data   RW         3352    .data               mpu6050.o
    0x20000080   0x00000028   Data   RW         3422    .data               motor.o
    0x200000a8   0x00000002   Data   RW         3503    .data               usart1.o
    0x200000aa   0x00000002   PAD
    0x200000ac   0x000000a8   Data   RW         3541    .data               pid.o
    0x20000154   0x00000040   Data   RW         3582    .data               boardmpu.o
    0x20000194   0x00000008   Data   RW         3650    .data               i2c2.o
    0x2000019c   0x00000008   Data   RW         3708    .data               lipo.o
    0x200001a4   0x00000004   Data   RW         4142    .data               mc_w.l(stdout.o)
    0x200001a8   0x00000004   Data   RW         4156    .data               mc_w.l(errno.o)


    Execution Region ER_ZI (Base: 0x200001ac, Size: 0x00000e1c, Max: 0xffffffff, ABSOLUTE)

    Base Addr    Size         Type   Attr      Idx    E Section Name        Object

    0x200001ac   0x00000800   Zero   RW         3420    .bss                motor.o
    0x200009ac   0x00000100   Zero   RW         3502    .bss                usart1.o
    0x20000aac   0x0000011c   Zero   RW         3540    .bss                pid.o
    0x20000bc8   0x00000400   Zero   RW            1    STACK               startup_stm32f10x_hd.o


==============================================================================

Image component sizes


      Code (inc. data)   RO Data    RW Data    ZI Data      Debug   Object Name

      1180        106          0         64          0       7025   boardmpu.o
        52          6          0          0          0        506   buzzer.o
         0          0          0          0          0       4536   core_cm3.o
       870         50          0          8          0       5876   i2c1.o
       934         50          0          8          0       5864   i2c2.o
        56          6          0          0          0        487   led.o
       372         38          0          8          0       3224   lipo.o
      1044        130          0          0          0       4107   main.o
       132         22          0          0          0       1575   misc.o
      1640        182          2         40       2048       8143   motor.o
      1508        144          0         76          0       6598   mpu6050.o
      1412        216          0        168        284       3750   pid.o
        36          8        304          0       1024        872   startup_stm32f10x_hd.o
       400         10          0          0          0       8144   stm32f10x_adc.o
       314          0          0          0          0       4300   stm32f10x_gpio.o
        24          0          0          0          0       3548   stm32f10x_it.o
       364         50          0         20          0       6227   stm32f10x_rcc.o
       948         92          0          0          0      10485   stm32f10x_tim.o
       598         28          0          0          0       6824   stm32f10x_usart.o
       328         28          0         20          0     259909   system_stm32f10x.o
       208         28          0          4          0      17872   systick.o
       280         26          0          2        256       2345   usart1.o

    ----------------------------------------------------------------------
     12728       1220        340        420       3612     372217   Object Totals
         0          0         32          0          0          0   (incl. Generated)
        28          0          2          2          0          0   (incl. Padding)

    ----------------------------------------------------------------------

      Code (inc. data)   RO Data    RW Data    ZI Data      Debug   Library Member Name

       544         70        152          0          0        124   atan.o
       384         38          0          0          0        144   atan2.o
       252         22         48          0          0        124   cos_i.o
        38          6          0          0          0        272   dunder.o
        40          0          0          0          0         68   fpclassify.o
       170          0          0          0          0         96   poly.o
         0          0          8          0          0          0   qnan.o
       904         76        200          0          0        140   rred.o
       160         10          0          0          0        108   sin.o
       236         12         40          0          0        128   sin_i.o
        86          0          0          0          0          0   __dczerorl2.o
         0          0          0          0          0          0   entry.o
         0          0          0          0          0          0   entry10a.o
         0          0          0          0          0          0   entry11a.o
         8          4          0          0          0          0   entry2.o
         4          0          0          0          0          0   entry5.o
         0          0          0          0          0          0   entry7b.o
         0          0          0          0          0          0   entry8b.o
         8          4          0          0          0          0   entry9a.o
        12          6          0          4          0         68   errno.o
        30          0          0          0          0          0   handlers.o
        36          8          0          0          0         68   init.o
         0          0          0          0          0          0   iusefp.o
        30          0          0          0          0         68   llshl.o
        36          0          0          0          0         68   llsshr.o
        32          0          0          0          0         68   llushr.o
      2226         90          0          0          0        444   printfa.o
         0          0          0          4          0          0   stdout.o
        44          0          0          0          0         80   uidiv.o
        98          0          0          0          0         92   uldiv.o
        48          0          0          0          0         68   cdcmple.o
        48          0          0          0          0         68   cdrcmple.o
        20          0          0          0          0         68   cfcmple.o
        20          0          0          0          0         68   cfrcmple.o
        56          0          0          0          0         88   d2f.o
       334          0          0          0          0        148   dadd.o
       222          0          0          0          0        100   ddiv.o
       186          0          0          0          0        176   depilogue.o
        62          0          0          0          0         80   dfixi.o
        50          0          0          0          0         76   dfixui.o
        48          0          0          0          0         68   dfixul.o
        34          0          0          0          0         76   dflti.o
        26          0          0          0          0         76   dfltui.o
       228          0          0          0          0         96   dmul.o
        46          0          0          0          0         80   dscalb.o
        38          0          0          0          0         68   f2d.o
       176          0          0          0          0        140   fadd.o
       124          0          0          0          0         88   fdiv.o
       110          0          0          0          0        168   fepilogue.o
       100          0          0          0          0         76   fmul.o

    ----------------------------------------------------------------------
      7364        346        448          8          0       4036   Library Totals
        10          0          0          0          0          0   (incl. Padding)

    ----------------------------------------------------------------------

      Code (inc. data)   RO Data    RW Data    ZI Data      Debug   Library Name

      2728        234        448          0          0       1204   m_ws.l
      2650        112          0          8          0        956   mc_w.l
      1976          0          0          0          0       1876   mf_w.l

    ----------------------------------------------------------------------
      7364        346        448          8          0       4036   Library Totals

    ----------------------------------------------------------------------

==============================================================================


      Code (inc. data)   RO Data    RW Data    ZI Data      Debug   

     20092       1566        788        428       3612     368113   Grand Totals
     20092       1566        788         36       3612     368113   ELF Image Totals (compressed)
     20092       1566        788         36          0          0   ROM Totals

==============================================================================

    Total RO  Size (Code + RO Data)                20880 (  20.39kB)
    Total RW  Size (RW Data + ZI Data)              4040 (   3.95kB)
    Total ROM Size (Code + RO Data + RW Data)      20916 (  20.43kB)

==============================================================================

