<html>
<body>
<pre>
<h1>礦ision Build Log</h1>
<h2>Tool Versions:</h2>
IDE-Version: μVision V5.15
Copyright (C) 2015 ARM Ltd and ARM Germany GmbH. All rights reserved.
License Information: Haydn Liao, Moxiaohai, LIC=----
 
Tool Versions:
Toolchain:       MDK-Lite  Version: 5.15.0
Toolchain Path:  D:\Program Files (x86)\Keil\ARM\ARMCC\Bin
C Compiler:      Armcc.exe V5.05 update 2 (build 169)
Assembler:       Armasm.exe V5.05 update 2 (build 169)
Linker/Locator:  ArmLink.exe V5.05 update 2 (build 169)
Library Manager: ArmAr.exe V5.05 update 2 (build 169)
Hex Converter:   FromElf.exe V5.05 update 2 (build 169)
CPU DLL:         SARMCM3.DLL V5.15.0
Dialog DLL:      DCM.DLL V1.13.2.0
Target DLL:      UL2CM3.DLL V1.155.8.0
Dialog DLL:      TCM.DLL V1.14.5.0
 
<h2>Project:</h2>
D:\Documents\我的文档\本科毕业设计\Local\mpu6050\mpu6050_proj\Project\mpu6050.uvprojx
Project File Date:  01/23/2017

<h2>Output:</h2>
*** Using Compiler 'V5.05 update 2 (build 169)', folder: 'D:\Program Files (x86)\Keil\ARM\ARMCC\Bin'
Build target 'mpu6050'
compiling mpu6050.c...
..\User\iic\mpu6050.c(21): warning:  #223-D: function "printf" declared implicitly
        printf("%-6d %-6d %-6d\t", AccelData[0], AccelData[1], AccelData[2]);
..\User\iic\mpu6050.c(48): warning:  #223-D: function "printf" declared implicitly
        printf("%-6d %-6d %-6d\r\n", GyroData[0], GyroData[1], GyroData[2]);
..\User\iic\mpu6050.c: 2 warnings, 0 errors
linking...
Program Size: Code=7992 RO-data=336 RW-data=84 ZI-data=1028  
FromELF: creating hex file...
"..\Output\mpu6050.axf" - 0 Error(s), 2 Warning(s).

<h2>Collection of Component include folders:</h2>
  D:\Documents\我的文档\本科毕业设计\Local\mpu6050\mpu6050_proj\Project\RTE
  D:\Program Files (x86)\Keil\ARM\PACK\Keil\STM32F1xx_DFP\2.0.0\Device\Include

<h2>Collection of Component Files used:</h2>
</pre>
</body>
</html>
