<html>
<body>
<pre>
<h1>礦ision Build Log</h1>
<h2>Tool Versions:</h2>
IDE-Version: μVision V5.15
Copyright (C) 2015 ARM Ltd and ARM Germany GmbH. All rights reserved.
License Information: Haydn Liao, Moxiaohai, LIC=----
 
Tool Versions:
Toolchain:       MDK-Lite  Version: 5.15.0
Toolchain Path:  D:\Program Files (x86)\Keil\ARM\ARMCC\Bin
C Compiler:      Armcc.exe V5.05 update 2 (build 169)
Assembler:       Armasm.exe V5.05 update 2 (build 169)
Linker/Locator:  ArmLink.exe V5.05 update 2 (build 169)
Library Manager: ArmAr.exe V5.05 update 2 (build 169)
Hex Converter:   FromElf.exe V5.05 update 2 (build 169)
CPU DLL:         SARMCM3.DLL V5.15.0
Dialog DLL:      DARMSTM.DLL V1.65.0.0
Target DLL:      STLink\ST-LINKIII-KEIL_SWO.dll V2.0.15.0_KEIL
Dialog DLL:      TCM.DLL V1.14.5.0
 
<h2>Project:</h2>
D:\Documents\我的文档\本科毕业设计\Local\storm32\storm32_proj\Project\storm32.uvprojx
Project File Date:  04/29/2017

<h2>Output:</h2>
*** Using Compiler 'V5.05 update 2 (build 169)', folder: 'D:\Program Files (x86)\Keil\ARM\ARMCC\Bin'
Rebuild target 'STORM32'
assembling startup_stm32f10x_hd.s...
compiling core_cm3.c...
compiling system_stm32f10x.c...
compiling misc.c...
compiling stm32f10x_adc.c...
compiling stm32f10x_dma.c...
compiling stm32f10x_exti.c...
compiling stm32f10x_gpio.c...
compiling stm32f10x_i2c.c...
compiling stm32f10x_rcc.c...
compiling stm32f10x_tim.c...
compiling stm32f10x_usart.c...
compiling main.c...
compiling stm32f10x_it.c...
compiling led.c...
compiling systick.c...
compiling i2c1.c...
compiling mpu6050.c...
compiling motor.c...
compiling usart1.c...
compiling pid.c...
..\User\pid\pid.c(7): warning:  #177-D: variable "cntICal" was declared but never referenced
        static uint16_t cntICal = 0;
..\User\pid\pid.c(152): warning:  #550-D: variable "indexICal" was set but never used
        static float indexICal = 0.0;
..\User\pid\pid.c: 2 warnings, 0 errors
compiling boardmpu.c...
compiling i2c2.c...
compiling lipo.c...
compiling buzzer.c...
compiling joystick.c...
linking...
Program Size: Code=21240 RO-data=792 RW-data=440 ZI-data=3616  
FromELF: creating hex file...
"..\Output\storm32.axf" - 0 Error(s), 2 Warning(s).

<h2>Collection of Component include folders:</h2>
  D:\Documents\我的文档\本科毕业设计\Local\storm32\storm32_proj\Project\RTE
  D:\Program Files (x86)\Keil\ARM\PACK\Keil\STM32F1xx_DFP\2.0.0\Device\Include

<h2>Collection of Component Files used:</h2>
</pre>
</body>
</html>
